// Vitest Snapshot v1, https://vitest.dev/guide/snapshot.html

exports[`runAction — one standard event per attempt > role × action × outcome matrix matches the committed snapshot 1`] = `
{
  "billing": {
    "activity_assignment": "hidden",
    "addendum": "hidden",
    "asam": "hidden",
    "care_plan_goal": "hidden",
    "claim_correct": "allowed",
    "claim_status": "allowed",
    "consent_capture": "hidden",
    "contact_log": "hidden",
    "crisis_flag": "hidden",
    "cures": "hidden",
    "dashboard_book": "hidden",
    "dashboard_contact": "hidden",
    "dashboard_referral": "hidden",
    "dashboard_task": "hidden",
    "demographics_edit": "hidden",
    "discharge_episode": "hidden",
    "document_upload": "hidden",
    "eligibility_check": "allowed",
    "hie_match_decide": "hidden",
    "hloc_referral": "hidden",
    "isl_export": "allowed",
    "lab_order": "hidden",
    "med_order": "hidden",
    "message_patient": "hidden",
    "metabolic": "hidden",
    "note_template_activate": "hidden",
    "note_template_clone": "hidden",
    "note_template_create": "hidden",
    "note_template_update": "hidden",
    "notification_resend": "hidden",
    "patient_create_anyway": "hidden",
    "patient_match_decide": "hidden",
    "patient_merge": "hidden",
    "payment_arrangement": "allowed",
    "payment_record": "allowed",
    "payment_void": "allowed",
    "progress_note": "hidden",
    "refill_decision": "hidden",
    "rescreen_send": "hidden",
    "schedule_visit": "hidden",
    "scheduling_rule_deactivate": "hidden",
    "scheduling_rule_run": "hidden",
    "scheduling_rule_save": "hidden",
    "screener_request": "hidden",
    "sdoh_referral": "hidden",
    "task": "hidden",
    "visit_attended": "hidden",
    "visit_check_in": "hidden",
    "visit_no_show": "hidden",
  },
  "billing_coordinator": {
    "activity_assignment": "hidden",
    "addendum": "hidden",
    "asam": "hidden",
    "care_plan_goal": "hidden",
    "claim_correct": "allowed",
    "claim_status": "allowed",
    "consent_capture": "hidden",
    "contact_log": "hidden",
    "crisis_flag": "hidden",
    "cures": "hidden",
    "dashboard_book": "hidden",
    "dashboard_contact": "hidden",
    "dashboard_referral": "hidden",
    "dashboard_task": "hidden",
    "demographics_edit": "hidden",
    "discharge_episode": "hidden",
    "document_upload": "hidden",
    "eligibility_check": "allowed",
    "hie_match_decide": "hidden",
    "hloc_referral": "hidden",
    "isl_export": "allowed",
    "lab_order": "hidden",
    "med_order": "hidden",
    "message_patient": "hidden",
    "metabolic": "hidden",
    "note_template_activate": "hidden",
    "note_template_clone": "hidden",
    "note_template_create": "hidden",
    "note_template_update": "hidden",
    "notification_resend": "hidden",
    "patient_create_anyway": "hidden",
    "patient_match_decide": "hidden",
    "patient_merge": "hidden",
    "payment_arrangement": "allowed",
    "payment_record": "allowed",
    "payment_void": "allowed",
    "progress_note": "hidden",
    "refill_decision": "hidden",
    "rescreen_send": "hidden",
    "schedule_visit": "hidden",
    "scheduling_rule_deactivate": "hidden",
    "scheduling_rule_run": "hidden",
    "scheduling_rule_save": "hidden",
    "screener_request": "hidden",
    "sdoh_referral": "hidden",
    "task": "hidden",
    "visit_attended": "hidden",
    "visit_check_in": "hidden",
    "visit_no_show": "hidden",
  },
  "cf_care_manager": {
    "activity_assignment": "allowed",
    "addendum": "hidden",
    "asam": "hidden",
    "care_plan_goal": "allowed",
    "claim_correct": "hidden",
    "claim_status": "hidden",
    "consent_capture": "hidden",
    "contact_log": "allowed",
    "crisis_flag": "allowed",
    "cures": "hidden",
    "dashboard_book": "hidden",
    "dashboard_contact": "allowed",
    "dashboard_referral": "allowed",
    "dashboard_task": "allowed",
    "demographics_edit": "hidden",
    "discharge_episode": "hidden",
    "document_upload": "hidden",
    "eligibility_check": "hidden",
    "hie_match_decide": "hidden",
    "hloc_referral": "hidden",
    "isl_export": "hidden",
    "lab_order": "hidden",
    "med_order": "hidden",
    "message_patient": "hidden",
    "metabolic": "hidden",
    "note_template_activate": "hidden",
    "note_template_clone": "hidden",
    "note_template_create": "hidden",
    "note_template_update": "hidden",
    "notification_resend": "hidden",
    "patient_create_anyway": "allowed",
    "patient_match_decide": "hidden",
    "patient_merge": "hidden",
    "payment_arrangement": "hidden",
    "payment_record": "hidden",
    "payment_void": "hidden",
    "progress_note": "hidden",
    "refill_decision": "hidden",
    "rescreen_send": "hidden",
    "schedule_visit": "hidden",
    "scheduling_rule_deactivate": "hidden",
    "scheduling_rule_run": "hidden",
    "scheduling_rule_save": "hidden",
    "screener_request": "hidden",
    "sdoh_referral": "allowed",
    "task": "hidden",
    "visit_attended": "hidden",
    "visit_check_in": "hidden",
    "visit_no_show": "hidden",
  },
  "clinical_coordinator": {
    "activity_assignment": "hidden",
    "addendum": "hidden",
    "asam": "hidden",
    "care_plan_goal": "hidden",
    "claim_correct": "hidden",
    "claim_status": "hidden",
    "consent_capture": "hidden",
    "contact_log": "hidden",
    "crisis_flag": "allowed",
    "cures": "hidden",
    "dashboard_book": "allowed",
    "dashboard_contact": "hidden",
    "dashboard_referral": "hidden",
    "dashboard_task": "allowed",
    "demographics_edit": "allowed",
    "discharge_episode": "allowed",
    "document_upload": "hidden",
    "eligibility_check": "hidden",
    "hie_match_decide": "allowed",
    "hloc_referral": "hidden",
    "isl_export": "hidden",
    "lab_order": "hidden",
    "med_order": "hidden",
    "message_patient": "hidden",
    "metabolic": "hidden",
    "note_template_activate": "allowed",
    "note_template_clone": "allowed",
    "note_template_create": "allowed",
    "note_template_update": "allowed",
    "notification_resend": "allowed",
    "patient_create_anyway": "hidden",
    "patient_match_decide": "allowed",
    "patient_merge": "allowed",
    "payment_arrangement": "hidden",
    "payment_record": "hidden",
    "payment_void": "hidden",
    "progress_note": "hidden",
    "refill_decision": "hidden",
    "rescreen_send": "hidden",
    "schedule_visit": "allowed",
    "scheduling_rule_deactivate": "allowed",
    "scheduling_rule_run": "allowed",
    "scheduling_rule_save": "allowed",
    "screener_request": "hidden",
    "sdoh_referral": "hidden",
    "task": "hidden",
    "visit_attended": "allowed",
    "visit_check_in": "allowed",
    "visit_no_show": "allowed",
  },
  "clinical_trainee": {
    "activity_assignment": "cosign",
    "addendum": "allowed",
    "asam": "hidden",
    "care_plan_goal": "cosign",
    "claim_correct": "hidden",
    "claim_status": "hidden",
    "consent_capture": "hidden",
    "contact_log": "hidden",
    "crisis_flag": "allowed",
    "cures": "hidden",
    "dashboard_book": "allowed",
    "dashboard_contact": "hidden",
    "dashboard_referral": "hidden",
    "dashboard_task": "allowed",
    "demographics_edit": "hidden",
    "discharge_episode": "allowed",
    "document_upload": "hidden",
    "eligibility_check": "hidden",
    "hie_match_decide": "hidden",
    "hloc_referral": "hidden",
    "isl_export": "hidden",
    "lab_order": "hidden",
    "med_order": "hidden",
    "message_patient": "hidden",
    "metabolic": "hidden",
    "note_template_activate": "hidden",
    "note_template_clone": "allowed",
    "note_template_create": "hidden",
    "note_template_update": "hidden",
    "notification_resend": "hidden",
    "patient_create_anyway": "hidden",
    "patient_match_decide": "hidden",
    "patient_merge": "hidden",
    "payment_arrangement": "hidden",
    "payment_record": "hidden",
    "payment_void": "hidden",
    "progress_note": "cosign",
    "refill_decision": "hidden",
    "rescreen_send": "hidden",
    "schedule_visit": "allowed",
    "scheduling_rule_deactivate": "hidden",
    "scheduling_rule_run": "hidden",
    "scheduling_rule_save": "hidden",
    "screener_request": "hidden",
    "sdoh_referral": "hidden",
    "task": "allowed",
    "visit_attended": "allowed",
    "visit_check_in": "allowed",
    "visit_no_show": "allowed",
  },
  "community_health_worker": {
    "activity_assignment": "hidden",
    "addendum": "hidden",
    "asam": "hidden",
    "care_plan_goal": "hidden",
    "claim_correct": "hidden",
    "claim_status": "hidden",
    "consent_capture": "hidden",
    "contact_log": "hidden",
    "crisis_flag": "allowed",
    "cures": "hidden",
    "dashboard_book": "hidden",
    "dashboard_contact": "hidden",
    "dashboard_referral": "allowed",
    "dashboard_task": "allowed",
    "demographics_edit": "hidden",
    "discharge_episode": "hidden",
    "document_upload": "hidden",
    "eligibility_check": "hidden",
    "hie_match_decide": "hidden",
    "hloc_referral": "hidden",
    "isl_export": "hidden",
    "lab_order": "hidden",
    "med_order": "hidden",
    "message_patient": "hidden",
    "metabolic": "hidden",
    "note_template_activate": "hidden",
    "note_template_clone": "hidden",
    "note_template_create": "hidden",
    "note_template_update": "hidden",
    "notification_resend": "hidden",
    "patient_create_anyway": "hidden",
    "patient_match_decide": "hidden",
    "patient_merge": "hidden",
    "payment_arrangement": "hidden",
    "payment_record": "hidden",
    "payment_void": "hidden",
    "progress_note": "cosign",
    "refill_decision": "hidden",
    "rescreen_send": "hidden",
    "schedule_visit": "hidden",
    "scheduling_rule_deactivate": "hidden",
    "scheduling_rule_run": "hidden",
    "scheduling_rule_save": "hidden",
    "screener_request": "hidden",
    "sdoh_referral": "allowed",
    "task": "hidden",
    "visit_attended": "hidden",
    "visit_check_in": "hidden",
    "visit_no_show": "hidden",
  },
  "credentialing_coordinator": {
    "activity_assignment": "hidden",
    "addendum": "hidden",
    "asam": "hidden",
    "care_plan_goal": "hidden",
    "claim_correct": "hidden",
    "claim_status": "hidden",
    "consent_capture": "hidden",
    "contact_log": "hidden",
    "crisis_flag": "hidden",
    "cures": "hidden",
    "dashboard_book": "hidden",
    "dashboard_contact": "hidden",
    "dashboard_referral": "hidden",
    "dashboard_task": "hidden",
    "demographics_edit": "hidden",
    "discharge_episode": "hidden",
    "document_upload": "hidden",
    "eligibility_check": "hidden",
    "hie_match_decide": "hidden",
    "hloc_referral": "hidden",
    "isl_export": "hidden",
    "lab_order": "hidden",
    "med_order": "hidden",
    "message_patient": "hidden",
    "metabolic": "hidden",
    "note_template_activate": "hidden",
    "note_template_clone": "hidden",
    "note_template_create": "hidden",
    "note_template_update": "hidden",
    "notification_resend": "hidden",
    "patient_create_anyway": "hidden",
    "patient_match_decide": "hidden",
    "patient_merge": "hidden",
    "payment_arrangement": "hidden",
    "payment_record": "hidden",
    "payment_void": "hidden",
    "progress_note": "hidden",
    "refill_decision": "hidden",
    "rescreen_send": "hidden",
    "schedule_visit": "hidden",
    "scheduling_rule_deactivate": "hidden",
    "scheduling_rule_run": "hidden",
    "scheduling_rule_save": "hidden",
    "screener_request": "hidden",
    "sdoh_referral": "hidden",
    "task": "hidden",
    "visit_attended": "hidden",
    "visit_check_in": "hidden",
    "visit_no_show": "hidden",
  },
  "ecm_provider": {
    "activity_assignment": "allowed",
    "addendum": "hidden",
    "asam": "hidden",
    "care_plan_goal": "allowed",
    "claim_correct": "hidden",
    "claim_status": "hidden",
    "consent_capture": "allowed",
    "contact_log": "allowed",
    "crisis_flag": "allowed",
    "cures": "hidden",
    "dashboard_book": "allowed",
    "dashboard_contact": "allowed",
    "dashboard_referral": "allowed",
    "dashboard_task": "allowed",
    "demographics_edit": "allowed",
    "discharge_episode": "allowed",
    "document_upload": "allowed",
    "eligibility_check": "allowed",
    "hie_match_decide": "hidden",
    "hloc_referral": "hidden",
    "isl_export": "hidden",
    "lab_order": "hidden",
    "med_order": "hidden",
    "message_patient": "allowed",
    "metabolic": "hidden",
    "note_template_activate": "hidden",
    "note_template_clone": "allowed",
    "note_template_create": "hidden",
    "note_template_update": "hidden",
    "notification_resend": "hidden",
    "patient_create_anyway": "allowed",
    "patient_match_decide": "hidden",
    "patient_merge": "hidden",
    "payment_arrangement": "hidden",
    "payment_record": "hidden",
    "payment_void": "hidden",
    "progress_note": "cosign",
    "refill_decision": "hidden",
    "rescreen_send": "allowed",
    "schedule_visit": "allowed",
    "scheduling_rule_deactivate": "hidden",
    "scheduling_rule_run": "hidden",
    "scheduling_rule_save": "hidden",
    "screener_request": "allowed",
    "sdoh_referral": "allowed",
    "task": "allowed",
    "visit_attended": "allowed",
    "visit_check_in": "allowed",
    "visit_no_show": "allowed",
  },
  "medical_assistant": {
    "activity_assignment": "hidden",
    "addendum": "hidden",
    "asam": "hidden",
    "care_plan_goal": "hidden",
    "claim_correct": "hidden",
    "claim_status": "hidden",
    "consent_capture": "hidden",
    "contact_log": "hidden",
    "crisis_flag": "hidden",
    "cures": "hidden",
    "dashboard_book": "hidden",
    "dashboard_contact": "hidden",
    "dashboard_referral": "hidden",
    "dashboard_task": "hidden",
    "demographics_edit": "hidden",
    "discharge_episode": "hidden",
    "document_upload": "hidden",
    "eligibility_check": "hidden",
    "hie_match_decide": "hidden",
    "hloc_referral": "hidden",
    "isl_export": "hidden",
    "lab_order": "hidden",
    "med_order": "hidden",
    "message_patient": "hidden",
    "metabolic": "hidden",
    "note_template_activate": "hidden",
    "note_template_clone": "hidden",
    "note_template_create": "hidden",
    "note_template_update": "hidden",
    "notification_resend": "hidden",
    "patient_create_anyway": "hidden",
    "patient_match_decide": "hidden",
    "patient_merge": "hidden",
    "payment_arrangement": "hidden",
    "payment_record": "hidden",
    "payment_void": "hidden",
    "progress_note": "hidden",
    "refill_decision": "hidden",
    "rescreen_send": "hidden",
    "schedule_visit": "hidden",
    "scheduling_rule_deactivate": "hidden",
    "scheduling_rule_run": "hidden",
    "scheduling_rule_save": "hidden",
    "screener_request": "hidden",
    "sdoh_referral": "hidden",
    "task": "hidden",
    "visit_attended": "hidden",
    "visit_check_in": "hidden",
    "visit_no_show": "hidden",
  },
  "peer_specialist": {
    "activity_assignment": "hidden",
    "addendum": "hidden",
    "asam": "hidden",
    "care_plan_goal": "hidden",
    "claim_correct": "hidden",
    "claim_status": "hidden",
    "consent_capture": "hidden",
    "contact_log": "hidden",
    "crisis_flag": "allowed",
    "cures": "hidden",
    "dashboard_book": "allowed",
    "dashboard_contact": "hidden",
    "dashboard_referral": "allowed",
    "dashboard_task": "allowed",
    "demographics_edit": "hidden",
    "discharge_episode": "hidden",
    "document_upload": "hidden",
    "eligibility_check": "hidden",
    "hie_match_decide": "hidden",
    "hloc_referral": "hidden",
    "isl_export": "hidden",
    "lab_order": "hidden",
    "med_order": "hidden",
    "message_patient": "allowed",
    "metabolic": "hidden",
    "note_template_activate": "hidden",
    "note_template_clone": "allowed",
    "note_template_create": "hidden",
    "note_template_update": "hidden",
    "notification_resend": "hidden",
    "patient_create_anyway": "allowed",
    "patient_match_decide": "hidden",
    "patient_merge": "hidden",
    "payment_arrangement": "hidden",
    "payment_record": "hidden",
    "payment_void": "hidden",
    "progress_note": "cosign",
    "refill_decision": "hidden",
    "rescreen_send": "hidden",
    "schedule_visit": "allowed",
    "scheduling_rule_deactivate": "hidden",
    "scheduling_rule_run": "hidden",
    "scheduling_rule_save": "hidden",
    "screener_request": "hidden",
    "sdoh_referral": "allowed",
    "task": "hidden",
    "visit_attended": "allowed",
    "visit_check_in": "allowed",
    "visit_no_show": "allowed",
  },
  "physician": {
    "activity_assignment": "allowed",
    "addendum": "allowed",
    "asam": "allowed",
    "care_plan_goal": "allowed",
    "claim_correct": "hidden",
    "claim_status": "hidden",
    "consent_capture": "hidden",
    "contact_log": "hidden",
    "crisis_flag": "allowed",
    "cures": "allowed",
    "dashboard_book": "allowed",
    "dashboard_contact": "hidden",
    "dashboard_referral": "allowed",
    "dashboard_task": "allowed",
    "demographics_edit": "hidden",
    "discharge_episode": "allowed",
    "document_upload": "hidden",
    "eligibility_check": "hidden",
    "hie_match_decide": "hidden",
    "hloc_referral": "allowed",
    "isl_export": "hidden",
    "lab_order": "allowed",
    "med_order": "allowed",
    "message_patient": "allowed",
    "metabolic": "allowed",
    "note_template_activate": "hidden",
    "note_template_clone": "allowed",
    "note_template_create": "hidden",
    "note_template_update": "hidden",
    "notification_resend": "hidden",
    "patient_create_anyway": "hidden",
    "patient_match_decide": "hidden",
    "patient_merge": "hidden",
    "payment_arrangement": "hidden",
    "payment_record": "hidden",
    "payment_void": "hidden",
    "progress_note": "allowed",
    "refill_decision": "allowed",
    "rescreen_send": "allowed",
    "schedule_visit": "allowed",
    "scheduling_rule_deactivate": "hidden",
    "scheduling_rule_run": "hidden",
    "scheduling_rule_save": "hidden",
    "screener_request": "allowed",
    "sdoh_referral": "allowed",
    "task": "hidden",
    "visit_attended": "allowed",
    "visit_check_in": "allowed",
    "visit_no_show": "allowed",
  },
  "pmhnp": {
    "activity_assignment": "allowed",
    "addendum": "allowed",
    "asam": "allowed",
    "care_plan_goal": "allowed",
    "claim_correct": "hidden",
    "claim_status": "hidden",
    "consent_capture": "hidden",
    "contact_log": "hidden",
    "crisis_flag": "allowed",
    "cures": "allowed",
    "dashboard_book": "allowed",
    "dashboard_contact": "hidden",
    "dashboard_referral": "allowed",
    "dashboard_task": "allowed",
    "demographics_edit": "hidden",
    "discharge_episode": "allowed",
    "document_upload": "hidden",
    "eligibility_check": "hidden",
    "hie_match_decide": "hidden",
    "hloc_referral": "allowed",
    "isl_export": "hidden",
    "lab_order": "allowed",
    "med_order": "allowed",
    "message_patient": "allowed",
    "metabolic": "allowed",
    "note_template_activate": "hidden",
    "note_template_clone": "allowed",
    "note_template_create": "hidden",
    "note_template_update": "hidden",
    "notification_resend": "hidden",
    "patient_create_anyway": "hidden",
    "patient_match_decide": "hidden",
    "patient_merge": "hidden",
    "payment_arrangement": "hidden",
    "payment_record": "hidden",
    "payment_void": "hidden",
    "progress_note": "allowed",
    "refill_decision": "allowed",
    "rescreen_send": "allowed",
    "schedule_visit": "allowed",
    "scheduling_rule_deactivate": "hidden",
    "scheduling_rule_run": "hidden",
    "scheduling_rule_save": "hidden",
    "screener_request": "allowed",
    "sdoh_referral": "allowed",
    "task": "hidden",
    "visit_attended": "allowed",
    "visit_check_in": "allowed",
    "visit_no_show": "allowed",
  },
  "sud_counselor": {
    "activity_assignment": "allowed",
    "addendum": "allowed",
    "asam": "cosign",
    "care_plan_goal": "allowed",
    "claim_correct": "hidden",
    "claim_status": "hidden",
    "consent_capture": "allowed",
    "contact_log": "hidden",
    "crisis_flag": "allowed",
    "cures": "hidden",
    "dashboard_book": "allowed",
    "dashboard_contact": "hidden",
    "dashboard_referral": "allowed",
    "dashboard_task": "allowed",
    "demographics_edit": "hidden",
    "discharge_episode": "allowed",
    "document_upload": "hidden",
    "eligibility_check": "hidden",
    "hie_match_decide": "hidden",
    "hloc_referral": "allowed",
    "isl_export": "hidden",
    "lab_order": "hidden",
    "med_order": "hidden",
    "message_patient": "allowed",
    "metabolic": "hidden",
    "note_template_activate": "hidden",
    "note_template_clone": "allowed",
    "note_template_create": "hidden",
    "note_template_update": "hidden",
    "notification_resend": "hidden",
    "patient_create_anyway": "hidden",
    "patient_match_decide": "hidden",
    "patient_merge": "hidden",
    "payment_arrangement": "hidden",
    "payment_record": "hidden",
    "payment_void": "hidden",
    "progress_note": "cosign",
    "refill_decision": "hidden",
    "rescreen_send": "hidden",
    "schedule_visit": "allowed",
    "scheduling_rule_deactivate": "hidden",
    "scheduling_rule_run": "hidden",
    "scheduling_rule_save": "hidden",
    "screener_request": "hidden",
    "sdoh_referral": "allowed",
    "task": "allowed",
    "visit_attended": "allowed",
    "visit_check_in": "allowed",
    "visit_no_show": "allowed",
  },
  "sys_admin": {
    "activity_assignment": "hidden",
    "addendum": "hidden",
    "asam": "hidden",
    "care_plan_goal": "hidden",
    "claim_correct": "hidden",
    "claim_status": "hidden",
    "consent_capture": "allowed",
    "contact_log": "hidden",
    "crisis_flag": "hidden",
    "cures": "hidden",
    "dashboard_book": "hidden",
    "dashboard_contact": "hidden",
    "dashboard_referral": "hidden",
    "dashboard_task": "hidden",
    "demographics_edit": "allowed",
    "discharge_episode": "allowed",
    "document_upload": "hidden",
    "eligibility_check": "hidden",
    "hie_match_decide": "allowed",
    "hloc_referral": "allowed",
    "isl_export": "allowed",
    "lab_order": "hidden",
    "med_order": "hidden",
    "message_patient": "hidden",
    "metabolic": "hidden",
    "note_template_activate": "allowed",
    "note_template_clone": "allowed",
    "note_template_create": "allowed",
    "note_template_update": "allowed",
    "notification_resend": "allowed",
    "patient_create_anyway": "allowed",
    "patient_match_decide": "allowed",
    "patient_merge": "allowed",
    "payment_arrangement": "hidden",
    "payment_record": "hidden",
    "payment_void": "hidden",
    "progress_note": "hidden",
    "refill_decision": "hidden",
    "rescreen_send": "hidden",
    "schedule_visit": "hidden",
    "scheduling_rule_deactivate": "allowed",
    "scheduling_rule_run": "allowed",
    "scheduling_rule_save": "allowed",
    "screener_request": "hidden",
    "sdoh_referral": "hidden",
    "task": "hidden",
    "visit_attended": "hidden",
    "visit_check_in": "hidden",
    "visit_no_show": "hidden",
  },
  "therapist": {
    "activity_assignment": "allowed",
    "addendum": "allowed",
    "asam": "allowed",
    "care_plan_goal": "allowed",
    "claim_correct": "hidden",
    "claim_status": "hidden",
    "consent_capture": "hidden",
    "contact_log": "hidden",
    "crisis_flag": "allowed",
    "cures": "hidden",
    "dashboard_book": "allowed",
    "dashboard_contact": "hidden",
    "dashboard_referral": "allowed",
    "dashboard_task": "allowed",
    "demographics_edit": "hidden",
    "discharge_episode": "allowed",
    "document_upload": "hidden",
    "eligibility_check": "hidden",
    "hie_match_decide": "hidden",
    "hloc_referral": "allowed",
    "isl_export": "hidden",
    "lab_order": "hidden",
    "med_order": "hidden",
    "message_patient": "allowed",
    "metabolic": "hidden",
    "note_template_activate": "hidden",
    "note_template_clone": "allowed",
    "note_template_create": "hidden",
    "note_template_update": "hidden",
    "notification_resend": "hidden",
    "patient_create_anyway": "hidden",
    "patient_match_decide": "hidden",
    "patient_merge": "hidden",
    "payment_arrangement": "hidden",
    "payment_record": "hidden",
    "payment_void": "hidden",
    "progress_note": "allowed",
    "refill_decision": "hidden",
    "rescreen_send": "allowed",
    "schedule_visit": "allowed",
    "scheduling_rule_deactivate": "hidden",
    "scheduling_rule_run": "hidden",
    "scheduling_rule_save": "hidden",
    "screener_request": "allowed",
    "sdoh_referral": "allowed",
    "task": "hidden",
    "visit_attended": "allowed",
    "visit_check_in": "allowed",
    "visit_no_show": "allowed",
  },
}
`;
