// Vitest Snapshot v1, https://vitest.dev/guide/snapshot.html

exports[`runAction — one standard event per attempt > role × action × outcome matrix matches the committed snapshot 1`] = `
{
  "_clinical_note_content": {
    "billing": "none",
    "billing_coordinator": "none",
    "cf_care_manager": "none",
    "clinical_coordinator": "none",
    "clinical_trainee": "full",
    "community_health_worker": "none",
    "credentialing_coordinator": "none",
    "ecm_provider": "metadata",
    "lvn": "none",
    "medical_assistant": "none",
    "nurse_rn": "none",
    "peer_specialist": "none",
    "physician": "full",
    "pmhnp": "full",
    "sud_counselor": "full",
    "sys_admin": "none",
    "therapist": "full",
  },
  "billing": {
    "activity_assignment": "hidden",
    "addendum": "hidden",
    "advocate_reschedule": "hidden",
    "afbi_contact": "hidden",
    "afbi_link_decide": "hidden",
    "asam": "hidden",
    "asam_plan_suggestion": "hidden",
    "calendar_external_id_set": "allowed",
    "calendar_reschedule_done": "hidden",
    "calendar_site_closed_add": "hidden",
    "calendar_site_closed_remove": "hidden",
    "calendar_site_create": "hidden",
    "calendar_site_hours_save": "hidden",
    "calendar_staff_hours_remove": "allowed",
    "calendar_staff_hours_save": "allowed",
    "calendar_sync_run": "hidden",
    "calendar_time_off_add": "allowed",
    "calendar_time_off_remove": "allowed",
    "care_plan_goal": "hidden",
    "claim_correct": "allowed",
    "claim_duplicate_review": "allowed",
    "claim_status": "allowed",
    "claims_export": "allowed",
    "clinic_dose_cosign": "hidden",
    "clinic_dose_give": "hidden",
    "clinic_med_order": "hidden",
    "consent_capture": "hidden",
    "contact_log": "hidden",
    "county_fix_error": "allowed",
    "county_generate": "allowed",
    "county_resend": "allowed",
    "county_simulate_response": "allowed",
    "county_submit": "allowed",
    "coverage_release_check": "hidden",
    "coverage_release_status_set": "hidden",
    "crisis_flag": "hidden",
    "crisis_handoff": "hidden",
    "cures": "hidden",
    "dashboard_book": "hidden",
    "dashboard_contact": "hidden",
    "dashboard_referral": "hidden",
    "dashboard_task": "hidden",
    "demographics_edit": "hidden",
    "discharge_episode": "hidden",
    "document_upload": "hidden",
    "eligibility_check": "allowed",
    "escalation_acknowledge": "hidden",
    "escalation_handoff": "hidden",
    "escalation_reassign": "hidden",
    "feature_flag_set": "hidden",
    "fsp_custody_record": "hidden",
    "hie_match_decide": "hidden",
    "hloc_referral": "hidden",
    "isl_export": "allowed",
    "lab_order": "hidden",
    "med_order": "hidden",
    "message_patient": "hidden",
    "message_team": "hidden",
    "metabolic": "hidden",
    "note_template_activate": "hidden",
    "note_template_clone": "hidden",
    "note_template_create": "hidden",
    "note_template_update": "hidden",
    "notification_resend": "hidden",
    "ntp_external_med": "hidden",
    "ntp_referral": "hidden",
    "nurse_review": "hidden",
    "open_permissions": "hidden",
    "partner_directory_edit": "hidden",
    "partner_handoff": "hidden",
    "partner_link": "hidden",
    "patient_create_anyway": "hidden",
    "patient_match_decide": "hidden",
    "patient_merge": "hidden",
    "patient_reschedule": "hidden",
    "patient_self_book": "hidden",
    "payment_arrangement": "allowed",
    "payment_record": "allowed",
    "payment_void": "allowed",
    "progress_note": "hidden",
    "provider_ref_save": "hidden",
    "reconfirm_consent_merged": "hidden",
    "referral_assign_owner": "hidden",
    "referral_chase_claim": "hidden",
    "referral_chase_fill": "hidden",
    "refill_coordinate": "hidden",
    "refill_decision": "hidden",
    "rescreen_send": "hidden",
    "resource_verify": "hidden",
    "review_matching": "hidden",
    "schedule_visit": "hidden",
    "scheduling_rule_deactivate": "hidden",
    "scheduling_rule_run": "hidden",
    "scheduling_rule_save": "hidden",
    "screener_draft_save": "hidden",
    "screener_request": "hidden",
    "scribe_afbi_save": "hidden",
    "scribe_consent_grant": "hidden",
    "scribe_consent_withdraw": "hidden",
    "scribe_dictate": "hidden",
    "scribe_discard": "hidden",
    "scribe_end": "hidden",
    "scribe_followup_accept": "hidden",
    "scribe_open_draft": "hidden",
    "scribe_pause": "hidden",
    "scribe_resume": "hidden",
    "scribe_review_confirm": "hidden",
    "scribe_sentence_delete": "hidden",
    "scribe_sentence_edit": "hidden",
    "scribe_sentence_keep": "hidden",
    "scribe_start": "hidden",
    "scribe_visit_field": "hidden",
    "sdoh_referral": "hidden",
    "service_classification_override": "hidden",
    "severity_flag_review": "hidden",
    "specimen_collect": "hidden",
    "staff_add": "hidden",
    "staff_deactivate": "hidden",
    "staff_reactivate": "hidden",
    "staff_thread_add_participant": "hidden",
    "staff_thread_flag_sud": "hidden",
    "staff_thread_mention_done": "hidden",
    "staff_thread_post": "hidden",
    "staff_thread_read": "hidden",
    "staff_thread_reopen": "hidden",
    "staff_thread_resolve": "hidden",
    "staff_update": "hidden",
    "task": "hidden",
    "timely_correction": "hidden",
    "timely_offer_record": "hidden",
    "tps_mark": "hidden",
    "tps_send_link": "hidden",
    "tps_set_window": "hidden",
    "triage_call": "hidden",
    "visit_attended": "hidden",
    "visit_check_in": "hidden",
    "visit_no_show": "hidden",
    "visit_request_cancel": "hidden",
  },
  "billing_coordinator": {
    "activity_assignment": "hidden",
    "addendum": "hidden",
    "advocate_reschedule": "hidden",
    "afbi_contact": "hidden",
    "afbi_link_decide": "hidden",
    "asam": "hidden",
    "asam_plan_suggestion": "hidden",
    "calendar_external_id_set": "allowed",
    "calendar_reschedule_done": "hidden",
    "calendar_site_closed_add": "hidden",
    "calendar_site_closed_remove": "hidden",
    "calendar_site_create": "hidden",
    "calendar_site_hours_save": "hidden",
    "calendar_staff_hours_remove": "allowed",
    "calendar_staff_hours_save": "allowed",
    "calendar_sync_run": "hidden",
    "calendar_time_off_add": "allowed",
    "calendar_time_off_remove": "allowed",
    "care_plan_goal": "hidden",
    "claim_correct": "allowed",
    "claim_duplicate_review": "allowed",
    "claim_status": "allowed",
    "claims_export": "allowed",
    "clinic_dose_cosign": "hidden",
    "clinic_dose_give": "hidden",
    "clinic_med_order": "hidden",
    "consent_capture": "hidden",
    "contact_log": "hidden",
    "county_fix_error": "allowed",
    "county_generate": "allowed",
    "county_resend": "allowed",
    "county_simulate_response": "allowed",
    "county_submit": "allowed",
    "coverage_release_check": "hidden",
    "coverage_release_status_set": "hidden",
    "crisis_flag": "hidden",
    "crisis_handoff": "allowed",
    "cures": "hidden",
    "dashboard_book": "hidden",
    "dashboard_contact": "hidden",
    "dashboard_referral": "hidden",
    "dashboard_task": "hidden",
    "demographics_edit": "hidden",
    "discharge_episode": "hidden",
    "document_upload": "hidden",
    "eligibility_check": "allowed",
    "escalation_acknowledge": "hidden",
    "escalation_handoff": "hidden",
    "escalation_reassign": "hidden",
    "feature_flag_set": "hidden",
    "fsp_custody_record": "hidden",
    "hie_match_decide": "hidden",
    "hloc_referral": "hidden",
    "isl_export": "allowed",
    "lab_order": "hidden",
    "med_order": "hidden",
    "message_patient": "hidden",
    "message_team": "hidden",
    "metabolic": "hidden",
    "note_template_activate": "hidden",
    "note_template_clone": "hidden",
    "note_template_create": "hidden",
    "note_template_update": "hidden",
    "notification_resend": "hidden",
    "ntp_external_med": "hidden",
    "ntp_referral": "hidden",
    "nurse_review": "hidden",
    "open_permissions": "hidden",
    "partner_directory_edit": "hidden",
    "partner_handoff": "hidden",
    "partner_link": "hidden",
    "patient_create_anyway": "hidden",
    "patient_match_decide": "hidden",
    "patient_merge": "hidden",
    "patient_reschedule": "hidden",
    "patient_self_book": "hidden",
    "payment_arrangement": "allowed",
    "payment_record": "allowed",
    "payment_void": "allowed",
    "progress_note": "hidden",
    "provider_ref_save": "hidden",
    "reconfirm_consent_merged": "hidden",
    "referral_assign_owner": "hidden",
    "referral_chase_claim": "hidden",
    "referral_chase_fill": "hidden",
    "refill_coordinate": "hidden",
    "refill_decision": "hidden",
    "rescreen_send": "hidden",
    "resource_verify": "hidden",
    "review_matching": "hidden",
    "schedule_visit": "hidden",
    "scheduling_rule_deactivate": "hidden",
    "scheduling_rule_run": "hidden",
    "scheduling_rule_save": "hidden",
    "screener_draft_save": "hidden",
    "screener_request": "hidden",
    "scribe_afbi_save": "hidden",
    "scribe_consent_grant": "hidden",
    "scribe_consent_withdraw": "hidden",
    "scribe_dictate": "hidden",
    "scribe_discard": "hidden",
    "scribe_end": "hidden",
    "scribe_followup_accept": "hidden",
    "scribe_open_draft": "hidden",
    "scribe_pause": "hidden",
    "scribe_resume": "hidden",
    "scribe_review_confirm": "hidden",
    "scribe_sentence_delete": "hidden",
    "scribe_sentence_edit": "hidden",
    "scribe_sentence_keep": "hidden",
    "scribe_start": "hidden",
    "scribe_visit_field": "hidden",
    "sdoh_referral": "hidden",
    "service_classification_override": "allowed",
    "severity_flag_review": "hidden",
    "specimen_collect": "hidden",
    "staff_add": "hidden",
    "staff_deactivate": "hidden",
    "staff_reactivate": "hidden",
    "staff_thread_add_participant": "hidden",
    "staff_thread_flag_sud": "hidden",
    "staff_thread_mention_done": "hidden",
    "staff_thread_post": "hidden",
    "staff_thread_read": "hidden",
    "staff_thread_reopen": "hidden",
    "staff_thread_resolve": "hidden",
    "staff_update": "hidden",
    "task": "hidden",
    "timely_correction": "hidden",
    "timely_offer_record": "hidden",
    "tps_mark": "allowed",
    "tps_send_link": "allowed",
    "tps_set_window": "hidden",
    "triage_call": "hidden",
    "visit_attended": "hidden",
    "visit_check_in": "hidden",
    "visit_no_show": "hidden",
    "visit_request_cancel": "hidden",
  },
  "cf_care_manager": {
    "activity_assignment": "allowed",
    "addendum": "hidden",
    "advocate_reschedule": "hidden",
    "afbi_contact": "hidden",
    "afbi_link_decide": "hidden",
    "asam": "hidden",
    "asam_plan_suggestion": "hidden",
    "calendar_external_id_set": "allowed",
    "calendar_reschedule_done": "hidden",
    "calendar_site_closed_add": "hidden",
    "calendar_site_closed_remove": "hidden",
    "calendar_site_create": "hidden",
    "calendar_site_hours_save": "hidden",
    "calendar_staff_hours_remove": "allowed",
    "calendar_staff_hours_save": "allowed",
    "calendar_sync_run": "hidden",
    "calendar_time_off_add": "allowed",
    "calendar_time_off_remove": "allowed",
    "care_plan_goal": "allowed",
    "claim_correct": "hidden",
    "claim_duplicate_review": "hidden",
    "claim_status": "hidden",
    "claims_export": "hidden",
    "clinic_dose_cosign": "hidden",
    "clinic_dose_give": "hidden",
    "clinic_med_order": "hidden",
    "consent_capture": "hidden",
    "contact_log": "allowed",
    "county_fix_error": "hidden",
    "county_generate": "hidden",
    "county_resend": "hidden",
    "county_simulate_response": "hidden",
    "county_submit": "hidden",
    "coverage_release_check": "allowed",
    "coverage_release_status_set": "allowed",
    "crisis_flag": "allowed",
    "crisis_handoff": "allowed",
    "cures": "hidden",
    "dashboard_book": "allowed",
    "dashboard_contact": "allowed",
    "dashboard_referral": "allowed",
    "dashboard_task": "allowed",
    "demographics_edit": "hidden",
    "discharge_episode": "hidden",
    "document_upload": "hidden",
    "eligibility_check": "hidden",
    "escalation_acknowledge": "allowed",
    "escalation_handoff": "allowed",
    "escalation_reassign": "hidden",
    "feature_flag_set": "hidden",
    "fsp_custody_record": "hidden",
    "hie_match_decide": "hidden",
    "hloc_referral": "hidden",
    "isl_export": "hidden",
    "lab_order": "hidden",
    "med_order": "hidden",
    "message_patient": "hidden",
    "message_team": "allowed",
    "metabolic": "hidden",
    "note_template_activate": "hidden",
    "note_template_clone": "hidden",
    "note_template_create": "hidden",
    "note_template_update": "hidden",
    "notification_resend": "hidden",
    "ntp_external_med": "hidden",
    "ntp_referral": "hidden",
    "nurse_review": "hidden",
    "open_permissions": "hidden",
    "partner_directory_edit": "hidden",
    "partner_handoff": "allowed",
    "partner_link": "allowed",
    "patient_create_anyway": "allowed",
    "patient_match_decide": "hidden",
    "patient_merge": "hidden",
    "patient_reschedule": "hidden",
    "patient_self_book": "hidden",
    "payment_arrangement": "hidden",
    "payment_record": "hidden",
    "payment_void": "hidden",
    "progress_note": "hidden",
    "provider_ref_save": "hidden",
    "reconfirm_consent_merged": "hidden",
    "referral_assign_owner": "hidden",
    "referral_chase_claim": "hidden",
    "referral_chase_fill": "allowed",
    "refill_coordinate": "hidden",
    "refill_decision": "hidden",
    "rescreen_send": "hidden",
    "resource_verify": "allowed",
    "review_matching": "hidden",
    "schedule_visit": "allowed",
    "scheduling_rule_deactivate": "hidden",
    "scheduling_rule_run": "hidden",
    "scheduling_rule_save": "hidden",
    "screener_draft_save": "hidden",
    "screener_request": "hidden",
    "scribe_afbi_save": "hidden",
    "scribe_consent_grant": "hidden",
    "scribe_consent_withdraw": "hidden",
    "scribe_dictate": "allowed",
    "scribe_discard": "hidden",
    "scribe_end": "hidden",
    "scribe_followup_accept": "allowed",
    "scribe_open_draft": "allowed",
    "scribe_pause": "hidden",
    "scribe_resume": "hidden",
    "scribe_review_confirm": "allowed",
    "scribe_sentence_delete": "allowed",
    "scribe_sentence_edit": "allowed",
    "scribe_sentence_keep": "allowed",
    "scribe_start": "hidden",
    "scribe_visit_field": "allowed",
    "sdoh_referral": "allowed",
    "service_classification_override": "hidden",
    "severity_flag_review": "hidden",
    "specimen_collect": "hidden",
    "staff_add": "hidden",
    "staff_deactivate": "hidden",
    "staff_reactivate": "hidden",
    "staff_thread_add_participant": "allowed",
    "staff_thread_flag_sud": "allowed",
    "staff_thread_mention_done": "allowed",
    "staff_thread_post": "allowed",
    "staff_thread_read": "allowed",
    "staff_thread_reopen": "allowed",
    "staff_thread_resolve": "allowed",
    "staff_update": "hidden",
    "task": "hidden",
    "timely_correction": "hidden",
    "timely_offer_record": "allowed",
    "tps_mark": "hidden",
    "tps_send_link": "hidden",
    "tps_set_window": "hidden",
    "triage_call": "hidden",
    "visit_attended": "hidden",
    "visit_check_in": "hidden",
    "visit_no_show": "hidden",
    "visit_request_cancel": "hidden",
  },
  "clinical_coordinator": {
    "activity_assignment": "hidden",
    "addendum": "hidden",
    "advocate_reschedule": "hidden",
    "afbi_contact": "hidden",
    "afbi_link_decide": "allowed",
    "asam": "hidden",
    "asam_plan_suggestion": "hidden",
    "calendar_external_id_set": "allowed",
    "calendar_reschedule_done": "allowed",
    "calendar_site_closed_add": "hidden",
    "calendar_site_closed_remove": "hidden",
    "calendar_site_create": "hidden",
    "calendar_site_hours_save": "hidden",
    "calendar_staff_hours_remove": "allowed",
    "calendar_staff_hours_save": "allowed",
    "calendar_sync_run": "allowed",
    "calendar_time_off_add": "allowed",
    "calendar_time_off_remove": "allowed",
    "care_plan_goal": "hidden",
    "claim_correct": "hidden",
    "claim_duplicate_review": "hidden",
    "claim_status": "hidden",
    "claims_export": "hidden",
    "clinic_dose_cosign": "hidden",
    "clinic_dose_give": "hidden",
    "clinic_med_order": "hidden",
    "consent_capture": "hidden",
    "contact_log": "hidden",
    "county_fix_error": "allowed",
    "county_generate": "allowed",
    "county_resend": "allowed",
    "county_simulate_response": "allowed",
    "county_submit": "allowed",
    "coverage_release_check": "allowed",
    "coverage_release_status_set": "allowed",
    "crisis_flag": "allowed",
    "crisis_handoff": "allowed",
    "cures": "hidden",
    "dashboard_book": "allowed",
    "dashboard_contact": "hidden",
    "dashboard_referral": "hidden",
    "dashboard_task": "allowed",
    "demographics_edit": "allowed",
    "discharge_episode": "allowed",
    "document_upload": "hidden",
    "eligibility_check": "hidden",
    "escalation_acknowledge": "allowed",
    "escalation_handoff": "allowed",
    "escalation_reassign": "allowed",
    "feature_flag_set": "hidden",
    "fsp_custody_record": "hidden",
    "hie_match_decide": "allowed",
    "hloc_referral": "hidden",
    "isl_export": "hidden",
    "lab_order": "hidden",
    "med_order": "hidden",
    "message_patient": "hidden",
    "message_team": "allowed",
    "metabolic": "hidden",
    "note_template_activate": "allowed",
    "note_template_clone": "allowed",
    "note_template_create": "allowed",
    "note_template_update": "allowed",
    "notification_resend": "allowed",
    "ntp_external_med": "hidden",
    "ntp_referral": "hidden",
    "nurse_review": "hidden",
    "open_permissions": "hidden",
    "partner_directory_edit": "hidden",
    "partner_handoff": "allowed",
    "partner_link": "allowed",
    "patient_create_anyway": "hidden",
    "patient_match_decide": "allowed",
    "patient_merge": "allowed",
    "patient_reschedule": "hidden",
    "patient_self_book": "hidden",
    "payment_arrangement": "hidden",
    "payment_record": "hidden",
    "payment_void": "hidden",
    "progress_note": "hidden",
    "provider_ref_save": "hidden",
    "reconfirm_consent_merged": "allowed",
    "referral_assign_owner": "allowed",
    "referral_chase_claim": "allowed",
    "referral_chase_fill": "allowed",
    "refill_coordinate": "hidden",
    "refill_decision": "hidden",
    "rescreen_send": "hidden",
    "resource_verify": "allowed",
    "review_matching": "allowed",
    "schedule_visit": "allowed",
    "scheduling_rule_deactivate": "allowed",
    "scheduling_rule_run": "allowed",
    "scheduling_rule_save": "allowed",
    "screener_draft_save": "hidden",
    "screener_request": "hidden",
    "scribe_afbi_save": "hidden",
    "scribe_consent_grant": "allowed",
    "scribe_consent_withdraw": "allowed",
    "scribe_dictate": "hidden",
    "scribe_discard": "hidden",
    "scribe_end": "hidden",
    "scribe_followup_accept": "hidden",
    "scribe_open_draft": "hidden",
    "scribe_pause": "hidden",
    "scribe_resume": "hidden",
    "scribe_review_confirm": "hidden",
    "scribe_sentence_delete": "hidden",
    "scribe_sentence_edit": "hidden",
    "scribe_sentence_keep": "hidden",
    "scribe_start": "hidden",
    "scribe_visit_field": "hidden",
    "sdoh_referral": "hidden",
    "service_classification_override": "allowed",
    "severity_flag_review": "hidden",
    "specimen_collect": "hidden",
    "staff_add": "hidden",
    "staff_deactivate": "hidden",
    "staff_reactivate": "hidden",
    "staff_thread_add_participant": "allowed",
    "staff_thread_flag_sud": "allowed",
    "staff_thread_mention_done": "allowed",
    "staff_thread_post": "allowed",
    "staff_thread_read": "allowed",
    "staff_thread_reopen": "allowed",
    "staff_thread_resolve": "allowed",
    "staff_update": "hidden",
    "task": "hidden",
    "timely_correction": "allowed",
    "timely_offer_record": "allowed",
    "tps_mark": "hidden",
    "tps_send_link": "hidden",
    "tps_set_window": "hidden",
    "triage_call": "hidden",
    "visit_attended": "allowed",
    "visit_check_in": "allowed",
    "visit_no_show": "allowed",
    "visit_request_cancel": "hidden",
  },
  "clinical_trainee": {
    "activity_assignment": "cosign",
    "addendum": "allowed",
    "advocate_reschedule": "hidden",
    "afbi_contact": "hidden",
    "afbi_link_decide": "hidden",
    "asam": "hidden",
    "asam_plan_suggestion": "hidden",
    "calendar_external_id_set": "allowed",
    "calendar_reschedule_done": "hidden",
    "calendar_site_closed_add": "hidden",
    "calendar_site_closed_remove": "hidden",
    "calendar_site_create": "hidden",
    "calendar_site_hours_save": "hidden",
    "calendar_staff_hours_remove": "allowed",
    "calendar_staff_hours_save": "allowed",
    "calendar_sync_run": "hidden",
    "calendar_time_off_add": "allowed",
    "calendar_time_off_remove": "allowed",
    "care_plan_goal": "cosign",
    "claim_correct": "hidden",
    "claim_duplicate_review": "hidden",
    "claim_status": "hidden",
    "claims_export": "hidden",
    "clinic_dose_cosign": "hidden",
    "clinic_dose_give": "hidden",
    "clinic_med_order": "hidden",
    "consent_capture": "hidden",
    "contact_log": "hidden",
    "county_fix_error": "hidden",
    "county_generate": "hidden",
    "county_resend": "hidden",
    "county_simulate_response": "hidden",
    "county_submit": "hidden",
    "coverage_release_check": "hidden",
    "coverage_release_status_set": "hidden",
    "crisis_flag": "allowed",
    "crisis_handoff": "allowed",
    "cures": "hidden",
    "dashboard_book": "allowed",
    "dashboard_contact": "hidden",
    "dashboard_referral": "hidden",
    "dashboard_task": "allowed",
    "demographics_edit": "hidden",
    "discharge_episode": "allowed",
    "document_upload": "hidden",
    "eligibility_check": "hidden",
    "escalation_acknowledge": "allowed",
    "escalation_handoff": "allowed",
    "escalation_reassign": "hidden",
    "feature_flag_set": "hidden",
    "fsp_custody_record": "hidden",
    "hie_match_decide": "hidden",
    "hloc_referral": "hidden",
    "isl_export": "hidden",
    "lab_order": "hidden",
    "med_order": "hidden",
    "message_patient": "hidden",
    "message_team": "allowed",
    "metabolic": "hidden",
    "note_template_activate": "hidden",
    "note_template_clone": "allowed",
    "note_template_create": "hidden",
    "note_template_update": "hidden",
    "notification_resend": "hidden",
    "ntp_external_med": "hidden",
    "ntp_referral": "hidden",
    "nurse_review": "hidden",
    "open_permissions": "hidden",
    "partner_directory_edit": "hidden",
    "partner_handoff": "hidden",
    "partner_link": "hidden",
    "patient_create_anyway": "hidden",
    "patient_match_decide": "hidden",
    "patient_merge": "hidden",
    "patient_reschedule": "hidden",
    "patient_self_book": "hidden",
    "payment_arrangement": "hidden",
    "payment_record": "hidden",
    "payment_void": "hidden",
    "progress_note": "cosign",
    "provider_ref_save": "hidden",
    "reconfirm_consent_merged": "hidden",
    "referral_assign_owner": "hidden",
    "referral_chase_claim": "hidden",
    "referral_chase_fill": "hidden",
    "refill_coordinate": "hidden",
    "refill_decision": "hidden",
    "rescreen_send": "hidden",
    "resource_verify": "hidden",
    "review_matching": "hidden",
    "schedule_visit": "allowed",
    "scheduling_rule_deactivate": "hidden",
    "scheduling_rule_run": "hidden",
    "scheduling_rule_save": "hidden",
    "screener_draft_save": "hidden",
    "screener_request": "hidden",
    "scribe_afbi_save": "hidden",
    "scribe_consent_grant": "hidden",
    "scribe_consent_withdraw": "hidden",
    "scribe_dictate": "hidden",
    "scribe_discard": "hidden",
    "scribe_end": "hidden",
    "scribe_followup_accept": "hidden",
    "scribe_open_draft": "hidden",
    "scribe_pause": "hidden",
    "scribe_resume": "hidden",
    "scribe_review_confirm": "hidden",
    "scribe_sentence_delete": "hidden",
    "scribe_sentence_edit": "hidden",
    "scribe_sentence_keep": "hidden",
    "scribe_start": "hidden",
    "scribe_visit_field": "hidden",
    "sdoh_referral": "hidden",
    "service_classification_override": "hidden",
    "severity_flag_review": "allowed",
    "specimen_collect": "hidden",
    "staff_add": "hidden",
    "staff_deactivate": "hidden",
    "staff_reactivate": "hidden",
    "staff_thread_add_participant": "allowed",
    "staff_thread_flag_sud": "allowed",
    "staff_thread_mention_done": "allowed",
    "staff_thread_post": "allowed",
    "staff_thread_read": "allowed",
    "staff_thread_reopen": "allowed",
    "staff_thread_resolve": "allowed",
    "staff_update": "hidden",
    "task": "allowed",
    "timely_correction": "hidden",
    "timely_offer_record": "hidden",
    "tps_mark": "hidden",
    "tps_send_link": "hidden",
    "tps_set_window": "hidden",
    "triage_call": "hidden",
    "visit_attended": "allowed",
    "visit_check_in": "allowed",
    "visit_no_show": "allowed",
    "visit_request_cancel": "hidden",
  },
  "community_health_worker": {
    "activity_assignment": "hidden",
    "addendum": "hidden",
    "advocate_reschedule": "hidden",
    "afbi_contact": "allowed",
    "afbi_link_decide": "hidden",
    "asam": "hidden",
    "asam_plan_suggestion": "hidden",
    "calendar_external_id_set": "allowed",
    "calendar_reschedule_done": "hidden",
    "calendar_site_closed_add": "hidden",
    "calendar_site_closed_remove": "hidden",
    "calendar_site_create": "hidden",
    "calendar_site_hours_save": "hidden",
    "calendar_staff_hours_remove": "allowed",
    "calendar_staff_hours_save": "allowed",
    "calendar_sync_run": "hidden",
    "calendar_time_off_add": "allowed",
    "calendar_time_off_remove": "allowed",
    "care_plan_goal": "hidden",
    "claim_correct": "hidden",
    "claim_duplicate_review": "hidden",
    "claim_status": "hidden",
    "claims_export": "hidden",
    "clinic_dose_cosign": "hidden",
    "clinic_dose_give": "hidden",
    "clinic_med_order": "hidden",
    "consent_capture": "hidden",
    "contact_log": "hidden",
    "county_fix_error": "hidden",
    "county_generate": "hidden",
    "county_resend": "hidden",
    "county_simulate_response": "hidden",
    "county_submit": "hidden",
    "coverage_release_check": "hidden",
    "coverage_release_status_set": "hidden",
    "crisis_flag": "allowed",
    "crisis_handoff": "allowed",
    "cures": "hidden",
    "dashboard_book": "allowed",
    "dashboard_contact": "hidden",
    "dashboard_referral": "allowed",
    "dashboard_task": "allowed",
    "demographics_edit": "hidden",
    "discharge_episode": "hidden",
    "document_upload": "hidden",
    "eligibility_check": "hidden",
    "escalation_acknowledge": "allowed",
    "escalation_handoff": "allowed",
    "escalation_reassign": "hidden",
    "feature_flag_set": "hidden",
    "fsp_custody_record": "hidden",
    "hie_match_decide": "hidden",
    "hloc_referral": "hidden",
    "isl_export": "hidden",
    "lab_order": "hidden",
    "med_order": "hidden",
    "message_patient": "hidden",
    "message_team": "allowed",
    "metabolic": "hidden",
    "note_template_activate": "hidden",
    "note_template_clone": "hidden",
    "note_template_create": "hidden",
    "note_template_update": "hidden",
    "notification_resend": "hidden",
    "ntp_external_med": "hidden",
    "ntp_referral": "hidden",
    "nurse_review": "hidden",
    "open_permissions": "hidden",
    "partner_directory_edit": "hidden",
    "partner_handoff": "hidden",
    "partner_link": "hidden",
    "patient_create_anyway": "hidden",
    "patient_match_decide": "hidden",
    "patient_merge": "hidden",
    "patient_reschedule": "hidden",
    "patient_self_book": "hidden",
    "payment_arrangement": "hidden",
    "payment_record": "hidden",
    "payment_void": "hidden",
    "progress_note": "cosign",
    "provider_ref_save": "hidden",
    "reconfirm_consent_merged": "hidden",
    "referral_assign_owner": "hidden",
    "referral_chase_claim": "hidden",
    "referral_chase_fill": "allowed",
    "refill_coordinate": "hidden",
    "refill_decision": "hidden",
    "rescreen_send": "hidden",
    "resource_verify": "allowed",
    "review_matching": "hidden",
    "schedule_visit": "allowed",
    "scheduling_rule_deactivate": "hidden",
    "scheduling_rule_run": "hidden",
    "scheduling_rule_save": "hidden",
    "screener_draft_save": "hidden",
    "screener_request": "hidden",
    "scribe_afbi_save": "allowed",
    "scribe_consent_grant": "hidden",
    "scribe_consent_withdraw": "hidden",
    "scribe_dictate": "allowed",
    "scribe_discard": "hidden",
    "scribe_end": "hidden",
    "scribe_followup_accept": "allowed",
    "scribe_open_draft": "allowed",
    "scribe_pause": "hidden",
    "scribe_resume": "hidden",
    "scribe_review_confirm": "allowed",
    "scribe_sentence_delete": "allowed",
    "scribe_sentence_edit": "allowed",
    "scribe_sentence_keep": "allowed",
    "scribe_start": "hidden",
    "scribe_visit_field": "allowed",
    "sdoh_referral": "allowed",
    "service_classification_override": "hidden",
    "severity_flag_review": "hidden",
    "specimen_collect": "hidden",
    "staff_add": "hidden",
    "staff_deactivate": "hidden",
    "staff_reactivate": "hidden",
    "staff_thread_add_participant": "allowed",
    "staff_thread_flag_sud": "allowed",
    "staff_thread_mention_done": "allowed",
    "staff_thread_post": "allowed",
    "staff_thread_read": "allowed",
    "staff_thread_reopen": "allowed",
    "staff_thread_resolve": "allowed",
    "staff_update": "hidden",
    "task": "hidden",
    "timely_correction": "hidden",
    "timely_offer_record": "allowed",
    "tps_mark": "hidden",
    "tps_send_link": "hidden",
    "tps_set_window": "hidden",
    "triage_call": "hidden",
    "visit_attended": "hidden",
    "visit_check_in": "hidden",
    "visit_no_show": "hidden",
    "visit_request_cancel": "allowed",
  },
  "credentialing_coordinator": {
    "activity_assignment": "hidden",
    "addendum": "hidden",
    "advocate_reschedule": "hidden",
    "afbi_contact": "hidden",
    "afbi_link_decide": "hidden",
    "asam": "hidden",
    "asam_plan_suggestion": "hidden",
    "calendar_external_id_set": "allowed",
    "calendar_reschedule_done": "hidden",
    "calendar_site_closed_add": "hidden",
    "calendar_site_closed_remove": "hidden",
    "calendar_site_create": "hidden",
    "calendar_site_hours_save": "hidden",
    "calendar_staff_hours_remove": "allowed",
    "calendar_staff_hours_save": "allowed",
    "calendar_sync_run": "hidden",
    "calendar_time_off_add": "allowed",
    "calendar_time_off_remove": "allowed",
    "care_plan_goal": "hidden",
    "claim_correct": "hidden",
    "claim_duplicate_review": "hidden",
    "claim_status": "hidden",
    "claims_export": "hidden",
    "clinic_dose_cosign": "hidden",
    "clinic_dose_give": "hidden",
    "clinic_med_order": "hidden",
    "consent_capture": "hidden",
    "contact_log": "hidden",
    "county_fix_error": "allowed",
    "county_generate": "allowed",
    "county_resend": "allowed",
    "county_simulate_response": "allowed",
    "county_submit": "allowed",
    "coverage_release_check": "hidden",
    "coverage_release_status_set": "hidden",
    "crisis_flag": "hidden",
    "crisis_handoff": "hidden",
    "cures": "hidden",
    "dashboard_book": "hidden",
    "dashboard_contact": "hidden",
    "dashboard_referral": "hidden",
    "dashboard_task": "hidden",
    "demographics_edit": "hidden",
    "discharge_episode": "hidden",
    "document_upload": "hidden",
    "eligibility_check": "hidden",
    "escalation_acknowledge": "hidden",
    "escalation_handoff": "hidden",
    "escalation_reassign": "hidden",
    "feature_flag_set": "hidden",
    "fsp_custody_record": "hidden",
    "hie_match_decide": "hidden",
    "hloc_referral": "hidden",
    "isl_export": "hidden",
    "lab_order": "hidden",
    "med_order": "hidden",
    "message_patient": "hidden",
    "message_team": "hidden",
    "metabolic": "hidden",
    "note_template_activate": "hidden",
    "note_template_clone": "hidden",
    "note_template_create": "hidden",
    "note_template_update": "hidden",
    "notification_resend": "hidden",
    "ntp_external_med": "hidden",
    "ntp_referral": "hidden",
    "nurse_review": "hidden",
    "open_permissions": "hidden",
    "partner_directory_edit": "hidden",
    "partner_handoff": "hidden",
    "partner_link": "hidden",
    "patient_create_anyway": "hidden",
    "patient_match_decide": "hidden",
    "patient_merge": "hidden",
    "patient_reschedule": "hidden",
    "patient_self_book": "hidden",
    "payment_arrangement": "hidden",
    "payment_record": "hidden",
    "payment_void": "hidden",
    "progress_note": "hidden",
    "provider_ref_save": "hidden",
    "reconfirm_consent_merged": "hidden",
    "referral_assign_owner": "hidden",
    "referral_chase_claim": "hidden",
    "referral_chase_fill": "hidden",
    "refill_coordinate": "hidden",
    "refill_decision": "hidden",
    "rescreen_send": "hidden",
    "resource_verify": "hidden",
    "review_matching": "hidden",
    "schedule_visit": "hidden",
    "scheduling_rule_deactivate": "hidden",
    "scheduling_rule_run": "hidden",
    "scheduling_rule_save": "hidden",
    "screener_draft_save": "hidden",
    "screener_request": "hidden",
    "scribe_afbi_save": "hidden",
    "scribe_consent_grant": "hidden",
    "scribe_consent_withdraw": "hidden",
    "scribe_dictate": "hidden",
    "scribe_discard": "hidden",
    "scribe_end": "hidden",
    "scribe_followup_accept": "hidden",
    "scribe_open_draft": "hidden",
    "scribe_pause": "hidden",
    "scribe_resume": "hidden",
    "scribe_review_confirm": "hidden",
    "scribe_sentence_delete": "hidden",
    "scribe_sentence_edit": "hidden",
    "scribe_sentence_keep": "hidden",
    "scribe_start": "hidden",
    "scribe_visit_field": "hidden",
    "sdoh_referral": "hidden",
    "service_classification_override": "hidden",
    "severity_flag_review": "hidden",
    "specimen_collect": "hidden",
    "staff_add": "hidden",
    "staff_deactivate": "hidden",
    "staff_reactivate": "hidden",
    "staff_thread_add_participant": "hidden",
    "staff_thread_flag_sud": "hidden",
    "staff_thread_mention_done": "hidden",
    "staff_thread_post": "hidden",
    "staff_thread_read": "hidden",
    "staff_thread_reopen": "hidden",
    "staff_thread_resolve": "hidden",
    "staff_update": "hidden",
    "task": "hidden",
    "timely_correction": "hidden",
    "timely_offer_record": "hidden",
    "tps_mark": "hidden",
    "tps_send_link": "hidden",
    "tps_set_window": "hidden",
    "triage_call": "hidden",
    "visit_attended": "hidden",
    "visit_check_in": "hidden",
    "visit_no_show": "hidden",
    "visit_request_cancel": "hidden",
  },
  "ecm_provider": {
    "activity_assignment": "allowed",
    "addendum": "hidden",
    "advocate_reschedule": "hidden",
    "afbi_contact": "allowed",
    "afbi_link_decide": "hidden",
    "asam": "hidden",
    "asam_plan_suggestion": "hidden",
    "calendar_external_id_set": "allowed",
    "calendar_reschedule_done": "hidden",
    "calendar_site_closed_add": "hidden",
    "calendar_site_closed_remove": "hidden",
    "calendar_site_create": "hidden",
    "calendar_site_hours_save": "hidden",
    "calendar_staff_hours_remove": "allowed",
    "calendar_staff_hours_save": "allowed",
    "calendar_sync_run": "hidden",
    "calendar_time_off_add": "allowed",
    "calendar_time_off_remove": "allowed",
    "care_plan_goal": "allowed",
    "claim_correct": "hidden",
    "claim_duplicate_review": "hidden",
    "claim_status": "hidden",
    "claims_export": "hidden",
    "clinic_dose_cosign": "hidden",
    "clinic_dose_give": "hidden",
    "clinic_med_order": "hidden",
    "consent_capture": "allowed",
    "contact_log": "allowed",
    "county_fix_error": "hidden",
    "county_generate": "hidden",
    "county_resend": "hidden",
    "county_simulate_response": "hidden",
    "county_submit": "hidden",
    "coverage_release_check": "allowed",
    "coverage_release_status_set": "allowed",
    "crisis_flag": "allowed",
    "crisis_handoff": "allowed",
    "cures": "hidden",
    "dashboard_book": "allowed",
    "dashboard_contact": "allowed",
    "dashboard_referral": "allowed",
    "dashboard_task": "allowed",
    "demographics_edit": "allowed",
    "discharge_episode": "allowed",
    "document_upload": "allowed",
    "eligibility_check": "allowed",
    "escalation_acknowledge": "allowed",
    "escalation_handoff": "allowed",
    "escalation_reassign": "hidden",
    "feature_flag_set": "hidden",
    "fsp_custody_record": "hidden",
    "hie_match_decide": "hidden",
    "hloc_referral": "hidden",
    "isl_export": "hidden",
    "lab_order": "hidden",
    "med_order": "hidden",
    "message_patient": "allowed",
    "message_team": "allowed",
    "metabolic": "hidden",
    "note_template_activate": "hidden",
    "note_template_clone": "allowed",
    "note_template_create": "hidden",
    "note_template_update": "hidden",
    "notification_resend": "hidden",
    "ntp_external_med": "hidden",
    "ntp_referral": "hidden",
    "nurse_review": "hidden",
    "open_permissions": "hidden",
    "partner_directory_edit": "hidden",
    "partner_handoff": "allowed",
    "partner_link": "allowed",
    "patient_create_anyway": "allowed",
    "patient_match_decide": "hidden",
    "patient_merge": "hidden",
    "patient_reschedule": "hidden",
    "patient_self_book": "hidden",
    "payment_arrangement": "hidden",
    "payment_record": "hidden",
    "payment_void": "hidden",
    "progress_note": "cosign",
    "provider_ref_save": "hidden",
    "reconfirm_consent_merged": "hidden",
    "referral_assign_owner": "hidden",
    "referral_chase_claim": "hidden",
    "referral_chase_fill": "allowed",
    "refill_coordinate": "hidden",
    "refill_decision": "hidden",
    "rescreen_send": "allowed",
    "resource_verify": "allowed",
    "review_matching": "hidden",
    "schedule_visit": "allowed",
    "scheduling_rule_deactivate": "hidden",
    "scheduling_rule_run": "hidden",
    "scheduling_rule_save": "hidden",
    "screener_draft_save": "allowed",
    "screener_request": "allowed",
    "scribe_afbi_save": "allowed",
    "scribe_consent_grant": "hidden",
    "scribe_consent_withdraw": "hidden",
    "scribe_dictate": "allowed",
    "scribe_discard": "hidden",
    "scribe_end": "hidden",
    "scribe_followup_accept": "allowed",
    "scribe_open_draft": "allowed",
    "scribe_pause": "hidden",
    "scribe_resume": "hidden",
    "scribe_review_confirm": "allowed",
    "scribe_sentence_delete": "allowed",
    "scribe_sentence_edit": "allowed",
    "scribe_sentence_keep": "allowed",
    "scribe_start": "hidden",
    "scribe_visit_field": "allowed",
    "sdoh_referral": "allowed",
    "service_classification_override": "hidden",
    "severity_flag_review": "hidden",
    "specimen_collect": "hidden",
    "staff_add": "hidden",
    "staff_deactivate": "hidden",
    "staff_reactivate": "hidden",
    "staff_thread_add_participant": "allowed",
    "staff_thread_flag_sud": "allowed",
    "staff_thread_mention_done": "allowed",
    "staff_thread_post": "allowed",
    "staff_thread_read": "allowed",
    "staff_thread_reopen": "allowed",
    "staff_thread_resolve": "allowed",
    "staff_update": "hidden",
    "task": "allowed",
    "timely_correction": "hidden",
    "timely_offer_record": "allowed",
    "tps_mark": "hidden",
    "tps_send_link": "hidden",
    "tps_set_window": "hidden",
    "triage_call": "hidden",
    "visit_attended": "allowed",
    "visit_check_in": "allowed",
    "visit_no_show": "allowed",
    "visit_request_cancel": "hidden",
  },
  "lvn": {
    "activity_assignment": "hidden",
    "addendum": "hidden",
    "advocate_reschedule": "hidden",
    "afbi_contact": "hidden",
    "afbi_link_decide": "hidden",
    "asam": "hidden",
    "asam_plan_suggestion": "hidden",
    "calendar_external_id_set": "allowed",
    "calendar_reschedule_done": "hidden",
    "calendar_site_closed_add": "hidden",
    "calendar_site_closed_remove": "hidden",
    "calendar_site_create": "hidden",
    "calendar_site_hours_save": "hidden",
    "calendar_staff_hours_remove": "allowed",
    "calendar_staff_hours_save": "allowed",
    "calendar_sync_run": "hidden",
    "calendar_time_off_add": "allowed",
    "calendar_time_off_remove": "allowed",
    "care_plan_goal": "hidden",
    "claim_correct": "hidden",
    "claim_duplicate_review": "hidden",
    "claim_status": "hidden",
    "claims_export": "hidden",
    "clinic_dose_cosign": "hidden",
    "clinic_dose_give": "cosign",
    "clinic_med_order": "hidden",
    "consent_capture": "hidden",
    "contact_log": "hidden",
    "county_fix_error": "hidden",
    "county_generate": "hidden",
    "county_resend": "hidden",
    "county_simulate_response": "hidden",
    "county_submit": "hidden",
    "coverage_release_check": "hidden",
    "coverage_release_status_set": "hidden",
    "crisis_flag": "hidden",
    "crisis_handoff": "allowed",
    "cures": "hidden",
    "dashboard_book": "hidden",
    "dashboard_contact": "hidden",
    "dashboard_referral": "hidden",
    "dashboard_task": "hidden",
    "demographics_edit": "hidden",
    "discharge_episode": "hidden",
    "document_upload": "hidden",
    "eligibility_check": "hidden",
    "escalation_acknowledge": "allowed",
    "escalation_handoff": "allowed",
    "escalation_reassign": "hidden",
    "feature_flag_set": "hidden",
    "fsp_custody_record": "hidden",
    "hie_match_decide": "hidden",
    "hloc_referral": "hidden",
    "isl_export": "hidden",
    "lab_order": "hidden",
    "med_order": "hidden",
    "message_patient": "hidden",
    "message_team": "allowed",
    "metabolic": "allowed",
    "note_template_activate": "hidden",
    "note_template_clone": "hidden",
    "note_template_create": "hidden",
    "note_template_update": "hidden",
    "notification_resend": "hidden",
    "ntp_external_med": "hidden",
    "ntp_referral": "hidden",
    "nurse_review": "hidden",
    "open_permissions": "hidden",
    "partner_directory_edit": "hidden",
    "partner_handoff": "hidden",
    "partner_link": "hidden",
    "patient_create_anyway": "hidden",
    "patient_match_decide": "hidden",
    "patient_merge": "hidden",
    "patient_reschedule": "hidden",
    "patient_self_book": "hidden",
    "payment_arrangement": "hidden",
    "payment_record": "hidden",
    "payment_void": "hidden",
    "progress_note": "hidden",
    "provider_ref_save": "hidden",
    "reconfirm_consent_merged": "hidden",
    "referral_assign_owner": "hidden",
    "referral_chase_claim": "hidden",
    "referral_chase_fill": "hidden",
    "refill_coordinate": "hidden",
    "refill_decision": "hidden",
    "rescreen_send": "hidden",
    "resource_verify": "hidden",
    "review_matching": "hidden",
    "schedule_visit": "hidden",
    "scheduling_rule_deactivate": "hidden",
    "scheduling_rule_run": "hidden",
    "scheduling_rule_save": "hidden",
    "screener_draft_save": "hidden",
    "screener_request": "hidden",
    "scribe_afbi_save": "hidden",
    "scribe_consent_grant": "hidden",
    "scribe_consent_withdraw": "hidden",
    "scribe_dictate": "hidden",
    "scribe_discard": "hidden",
    "scribe_end": "hidden",
    "scribe_followup_accept": "hidden",
    "scribe_open_draft": "hidden",
    "scribe_pause": "hidden",
    "scribe_resume": "hidden",
    "scribe_review_confirm": "hidden",
    "scribe_sentence_delete": "hidden",
    "scribe_sentence_edit": "hidden",
    "scribe_sentence_keep": "hidden",
    "scribe_start": "hidden",
    "scribe_visit_field": "hidden",
    "sdoh_referral": "hidden",
    "service_classification_override": "hidden",
    "severity_flag_review": "hidden",
    "specimen_collect": "allowed",
    "staff_add": "hidden",
    "staff_deactivate": "hidden",
    "staff_reactivate": "hidden",
    "staff_thread_add_participant": "allowed",
    "staff_thread_flag_sud": "allowed",
    "staff_thread_mention_done": "allowed",
    "staff_thread_post": "allowed",
    "staff_thread_read": "allowed",
    "staff_thread_reopen": "allowed",
    "staff_thread_resolve": "allowed",
    "staff_update": "hidden",
    "task": "hidden",
    "timely_correction": "hidden",
    "timely_offer_record": "hidden",
    "tps_mark": "hidden",
    "tps_send_link": "hidden",
    "tps_set_window": "hidden",
    "triage_call": "hidden",
    "visit_attended": "hidden",
    "visit_check_in": "hidden",
    "visit_no_show": "hidden",
    "visit_request_cancel": "hidden",
  },
  "medical_assistant": {
    "activity_assignment": "hidden",
    "addendum": "hidden",
    "advocate_reschedule": "hidden",
    "afbi_contact": "hidden",
    "afbi_link_decide": "hidden",
    "asam": "hidden",
    "asam_plan_suggestion": "hidden",
    "calendar_external_id_set": "allowed",
    "calendar_reschedule_done": "hidden",
    "calendar_site_closed_add": "hidden",
    "calendar_site_closed_remove": "hidden",
    "calendar_site_create": "hidden",
    "calendar_site_hours_save": "hidden",
    "calendar_staff_hours_remove": "allowed",
    "calendar_staff_hours_save": "allowed",
    "calendar_sync_run": "hidden",
    "calendar_time_off_add": "allowed",
    "calendar_time_off_remove": "allowed",
    "care_plan_goal": "hidden",
    "claim_correct": "hidden",
    "claim_duplicate_review": "hidden",
    "claim_status": "hidden",
    "claims_export": "hidden",
    "clinic_dose_cosign": "hidden",
    "clinic_dose_give": "hidden",
    "clinic_med_order": "hidden",
    "consent_capture": "hidden",
    "contact_log": "hidden",
    "county_fix_error": "hidden",
    "county_generate": "hidden",
    "county_resend": "hidden",
    "county_simulate_response": "hidden",
    "county_submit": "hidden",
    "coverage_release_check": "hidden",
    "coverage_release_status_set": "hidden",
    "crisis_flag": "hidden",
    "crisis_handoff": "allowed",
    "cures": "hidden",
    "dashboard_book": "hidden",
    "dashboard_contact": "hidden",
    "dashboard_referral": "hidden",
    "dashboard_task": "hidden",
    "demographics_edit": "hidden",
    "discharge_episode": "hidden",
    "document_upload": "hidden",
    "eligibility_check": "hidden",
    "escalation_acknowledge": "allowed",
    "escalation_handoff": "allowed",
    "escalation_reassign": "hidden",
    "feature_flag_set": "hidden",
    "fsp_custody_record": "hidden",
    "hie_match_decide": "hidden",
    "hloc_referral": "hidden",
    "isl_export": "hidden",
    "lab_order": "hidden",
    "med_order": "hidden",
    "message_patient": "hidden",
    "message_team": "allowed",
    "metabolic": "hidden",
    "note_template_activate": "hidden",
    "note_template_clone": "hidden",
    "note_template_create": "hidden",
    "note_template_update": "hidden",
    "notification_resend": "hidden",
    "ntp_external_med": "hidden",
    "ntp_referral": "hidden",
    "nurse_review": "hidden",
    "open_permissions": "hidden",
    "partner_directory_edit": "hidden",
    "partner_handoff": "hidden",
    "partner_link": "hidden",
    "patient_create_anyway": "hidden",
    "patient_match_decide": "hidden",
    "patient_merge": "hidden",
    "patient_reschedule": "hidden",
    "patient_self_book": "hidden",
    "payment_arrangement": "hidden",
    "payment_record": "hidden",
    "payment_void": "hidden",
    "progress_note": "hidden",
    "provider_ref_save": "hidden",
    "reconfirm_consent_merged": "hidden",
    "referral_assign_owner": "hidden",
    "referral_chase_claim": "hidden",
    "referral_chase_fill": "hidden",
    "refill_coordinate": "hidden",
    "refill_decision": "hidden",
    "rescreen_send": "hidden",
    "resource_verify": "hidden",
    "review_matching": "hidden",
    "schedule_visit": "hidden",
    "scheduling_rule_deactivate": "hidden",
    "scheduling_rule_run": "hidden",
    "scheduling_rule_save": "hidden",
    "screener_draft_save": "hidden",
    "screener_request": "hidden",
    "scribe_afbi_save": "hidden",
    "scribe_consent_grant": "allowed",
    "scribe_consent_withdraw": "allowed",
    "scribe_dictate": "hidden",
    "scribe_discard": "hidden",
    "scribe_end": "hidden",
    "scribe_followup_accept": "hidden",
    "scribe_open_draft": "hidden",
    "scribe_pause": "hidden",
    "scribe_resume": "hidden",
    "scribe_review_confirm": "hidden",
    "scribe_sentence_delete": "hidden",
    "scribe_sentence_edit": "hidden",
    "scribe_sentence_keep": "hidden",
    "scribe_start": "hidden",
    "scribe_visit_field": "hidden",
    "sdoh_referral": "hidden",
    "service_classification_override": "hidden",
    "severity_flag_review": "hidden",
    "specimen_collect": "hidden",
    "staff_add": "hidden",
    "staff_deactivate": "hidden",
    "staff_reactivate": "hidden",
    "staff_thread_add_participant": "allowed",
    "staff_thread_flag_sud": "allowed",
    "staff_thread_mention_done": "allowed",
    "staff_thread_post": "allowed",
    "staff_thread_read": "allowed",
    "staff_thread_reopen": "allowed",
    "staff_thread_resolve": "allowed",
    "staff_update": "hidden",
    "task": "hidden",
    "timely_correction": "hidden",
    "timely_offer_record": "allowed",
    "tps_mark": "hidden",
    "tps_send_link": "hidden",
    "tps_set_window": "hidden",
    "triage_call": "hidden",
    "visit_attended": "hidden",
    "visit_check_in": "hidden",
    "visit_no_show": "hidden",
    "visit_request_cancel": "hidden",
  },
  "nurse_rn": {
    "activity_assignment": "hidden",
    "addendum": "hidden",
    "advocate_reschedule": "hidden",
    "afbi_contact": "hidden",
    "afbi_link_decide": "hidden",
    "asam": "hidden",
    "asam_plan_suggestion": "hidden",
    "calendar_external_id_set": "allowed",
    "calendar_reschedule_done": "hidden",
    "calendar_site_closed_add": "hidden",
    "calendar_site_closed_remove": "hidden",
    "calendar_site_create": "hidden",
    "calendar_site_hours_save": "hidden",
    "calendar_staff_hours_remove": "allowed",
    "calendar_staff_hours_save": "allowed",
    "calendar_sync_run": "hidden",
    "calendar_time_off_add": "allowed",
    "calendar_time_off_remove": "allowed",
    "care_plan_goal": "hidden",
    "claim_correct": "hidden",
    "claim_duplicate_review": "hidden",
    "claim_status": "hidden",
    "claims_export": "hidden",
    "clinic_dose_cosign": "allowed",
    "clinic_dose_give": "allowed",
    "clinic_med_order": "hidden",
    "consent_capture": "hidden",
    "contact_log": "hidden",
    "county_fix_error": "hidden",
    "county_generate": "hidden",
    "county_resend": "hidden",
    "county_simulate_response": "hidden",
    "county_submit": "hidden",
    "coverage_release_check": "hidden",
    "coverage_release_status_set": "hidden",
    "crisis_flag": "hidden",
    "crisis_handoff": "allowed",
    "cures": "hidden",
    "dashboard_book": "hidden",
    "dashboard_contact": "hidden",
    "dashboard_referral": "hidden",
    "dashboard_task": "hidden",
    "demographics_edit": "hidden",
    "discharge_episode": "hidden",
    "document_upload": "hidden",
    "eligibility_check": "hidden",
    "escalation_acknowledge": "allowed",
    "escalation_handoff": "allowed",
    "escalation_reassign": "hidden",
    "feature_flag_set": "hidden",
    "fsp_custody_record": "hidden",
    "hie_match_decide": "hidden",
    "hloc_referral": "hidden",
    "isl_export": "hidden",
    "lab_order": "hidden",
    "med_order": "hidden",
    "message_patient": "hidden",
    "message_team": "allowed",
    "metabolic": "allowed",
    "note_template_activate": "hidden",
    "note_template_clone": "hidden",
    "note_template_create": "hidden",
    "note_template_update": "hidden",
    "notification_resend": "hidden",
    "ntp_external_med": "allowed",
    "ntp_referral": "hidden",
    "nurse_review": "allowed",
    "open_permissions": "hidden",
    "partner_directory_edit": "hidden",
    "partner_handoff": "allowed",
    "partner_link": "allowed",
    "patient_create_anyway": "hidden",
    "patient_match_decide": "hidden",
    "patient_merge": "hidden",
    "patient_reschedule": "hidden",
    "patient_self_book": "hidden",
    "payment_arrangement": "hidden",
    "payment_record": "hidden",
    "payment_void": "hidden",
    "progress_note": "hidden",
    "provider_ref_save": "hidden",
    "reconfirm_consent_merged": "hidden",
    "referral_assign_owner": "hidden",
    "referral_chase_claim": "hidden",
    "referral_chase_fill": "hidden",
    "refill_coordinate": "allowed",
    "refill_decision": "hidden",
    "rescreen_send": "hidden",
    "resource_verify": "hidden",
    "review_matching": "hidden",
    "schedule_visit": "hidden",
    "scheduling_rule_deactivate": "hidden",
    "scheduling_rule_run": "hidden",
    "scheduling_rule_save": "hidden",
    "screener_draft_save": "hidden",
    "screener_request": "hidden",
    "scribe_afbi_save": "hidden",
    "scribe_consent_grant": "allowed",
    "scribe_consent_withdraw": "allowed",
    "scribe_dictate": "allowed",
    "scribe_discard": "allowed",
    "scribe_end": "allowed",
    "scribe_followup_accept": "allowed",
    "scribe_open_draft": "allowed",
    "scribe_pause": "allowed",
    "scribe_resume": "allowed",
    "scribe_review_confirm": "allowed",
    "scribe_sentence_delete": "allowed",
    "scribe_sentence_edit": "allowed",
    "scribe_sentence_keep": "allowed",
    "scribe_start": "allowed",
    "scribe_visit_field": "allowed",
    "sdoh_referral": "hidden",
    "service_classification_override": "hidden",
    "severity_flag_review": "allowed",
    "specimen_collect": "allowed",
    "staff_add": "hidden",
    "staff_deactivate": "hidden",
    "staff_reactivate": "hidden",
    "staff_thread_add_participant": "allowed",
    "staff_thread_flag_sud": "allowed",
    "staff_thread_mention_done": "allowed",
    "staff_thread_post": "allowed",
    "staff_thread_read": "allowed",
    "staff_thread_reopen": "allowed",
    "staff_thread_resolve": "allowed",
    "staff_update": "hidden",
    "task": "hidden",
    "timely_correction": "hidden",
    "timely_offer_record": "hidden",
    "tps_mark": "hidden",
    "tps_send_link": "hidden",
    "tps_set_window": "hidden",
    "triage_call": "allowed",
    "visit_attended": "hidden",
    "visit_check_in": "hidden",
    "visit_no_show": "hidden",
    "visit_request_cancel": "hidden",
  },
  "peer_specialist": {
    "activity_assignment": "hidden",
    "addendum": "hidden",
    "advocate_reschedule": "hidden",
    "afbi_contact": "allowed",
    "afbi_link_decide": "hidden",
    "asam": "hidden",
    "asam_plan_suggestion": "hidden",
    "calendar_external_id_set": "allowed",
    "calendar_reschedule_done": "hidden",
    "calendar_site_closed_add": "hidden",
    "calendar_site_closed_remove": "hidden",
    "calendar_site_create": "hidden",
    "calendar_site_hours_save": "hidden",
    "calendar_staff_hours_remove": "allowed",
    "calendar_staff_hours_save": "allowed",
    "calendar_sync_run": "hidden",
    "calendar_time_off_add": "allowed",
    "calendar_time_off_remove": "allowed",
    "care_plan_goal": "hidden",
    "claim_correct": "hidden",
    "claim_duplicate_review": "hidden",
    "claim_status": "hidden",
    "claims_export": "hidden",
    "clinic_dose_cosign": "hidden",
    "clinic_dose_give": "hidden",
    "clinic_med_order": "hidden",
    "consent_capture": "hidden",
    "contact_log": "hidden",
    "county_fix_error": "hidden",
    "county_generate": "hidden",
    "county_resend": "hidden",
    "county_simulate_response": "hidden",
    "county_submit": "hidden",
    "coverage_release_check": "hidden",
    "coverage_release_status_set": "hidden",
    "crisis_flag": "allowed",
    "crisis_handoff": "allowed",
    "cures": "hidden",
    "dashboard_book": "allowed",
    "dashboard_contact": "hidden",
    "dashboard_referral": "allowed",
    "dashboard_task": "allowed",
    "demographics_edit": "hidden",
    "discharge_episode": "hidden",
    "document_upload": "hidden",
    "eligibility_check": "hidden",
    "escalation_acknowledge": "allowed",
    "escalation_handoff": "allowed",
    "escalation_reassign": "hidden",
    "feature_flag_set": "hidden",
    "fsp_custody_record": "hidden",
    "hie_match_decide": "hidden",
    "hloc_referral": "hidden",
    "isl_export": "hidden",
    "lab_order": "hidden",
    "med_order": "hidden",
    "message_patient": "allowed",
    "message_team": "allowed",
    "metabolic": "hidden",
    "note_template_activate": "hidden",
    "note_template_clone": "allowed",
    "note_template_create": "hidden",
    "note_template_update": "hidden",
    "notification_resend": "hidden",
    "ntp_external_med": "hidden",
    "ntp_referral": "hidden",
    "nurse_review": "hidden",
    "open_permissions": "hidden",
    "partner_directory_edit": "hidden",
    "partner_handoff": "hidden",
    "partner_link": "hidden",
    "patient_create_anyway": "allowed",
    "patient_match_decide": "hidden",
    "patient_merge": "hidden",
    "patient_reschedule": "hidden",
    "patient_self_book": "hidden",
    "payment_arrangement": "hidden",
    "payment_record": "hidden",
    "payment_void": "hidden",
    "progress_note": "cosign",
    "provider_ref_save": "hidden",
    "reconfirm_consent_merged": "hidden",
    "referral_assign_owner": "hidden",
    "referral_chase_claim": "hidden",
    "referral_chase_fill": "allowed",
    "refill_coordinate": "hidden",
    "refill_decision": "hidden",
    "rescreen_send": "hidden",
    "resource_verify": "allowed",
    "review_matching": "hidden",
    "schedule_visit": "allowed",
    "scheduling_rule_deactivate": "hidden",
    "scheduling_rule_run": "hidden",
    "scheduling_rule_save": "hidden",
    "screener_draft_save": "hidden",
    "screener_request": "hidden",
    "scribe_afbi_save": "allowed",
    "scribe_consent_grant": "hidden",
    "scribe_consent_withdraw": "hidden",
    "scribe_dictate": "allowed",
    "scribe_discard": "hidden",
    "scribe_end": "hidden",
    "scribe_followup_accept": "allowed",
    "scribe_open_draft": "allowed",
    "scribe_pause": "hidden",
    "scribe_resume": "hidden",
    "scribe_review_confirm": "allowed",
    "scribe_sentence_delete": "allowed",
    "scribe_sentence_edit": "allowed",
    "scribe_sentence_keep": "allowed",
    "scribe_start": "hidden",
    "scribe_visit_field": "allowed",
    "sdoh_referral": "allowed",
    "service_classification_override": "hidden",
    "severity_flag_review": "hidden",
    "specimen_collect": "hidden",
    "staff_add": "hidden",
    "staff_deactivate": "hidden",
    "staff_reactivate": "hidden",
    "staff_thread_add_participant": "allowed",
    "staff_thread_flag_sud": "allowed",
    "staff_thread_mention_done": "allowed",
    "staff_thread_post": "allowed",
    "staff_thread_read": "allowed",
    "staff_thread_reopen": "allowed",
    "staff_thread_resolve": "allowed",
    "staff_update": "hidden",
    "task": "hidden",
    "timely_correction": "hidden",
    "timely_offer_record": "allowed",
    "tps_mark": "hidden",
    "tps_send_link": "hidden",
    "tps_set_window": "hidden",
    "triage_call": "hidden",
    "visit_attended": "allowed",
    "visit_check_in": "allowed",
    "visit_no_show": "allowed",
    "visit_request_cancel": "allowed",
  },
  "physician": {
    "activity_assignment": "allowed",
    "addendum": "allowed",
    "advocate_reschedule": "hidden",
    "afbi_contact": "allowed",
    "afbi_link_decide": "hidden",
    "asam": "allowed",
    "asam_plan_suggestion": "allowed",
    "calendar_external_id_set": "allowed",
    "calendar_reschedule_done": "hidden",
    "calendar_site_closed_add": "hidden",
    "calendar_site_closed_remove": "hidden",
    "calendar_site_create": "hidden",
    "calendar_site_hours_save": "hidden",
    "calendar_staff_hours_remove": "allowed",
    "calendar_staff_hours_save": "allowed",
    "calendar_sync_run": "hidden",
    "calendar_time_off_add": "allowed",
    "calendar_time_off_remove": "allowed",
    "care_plan_goal": "allowed",
    "claim_correct": "hidden",
    "claim_duplicate_review": "hidden",
    "claim_status": "hidden",
    "claims_export": "hidden",
    "clinic_dose_cosign": "allowed",
    "clinic_dose_give": "hidden",
    "clinic_med_order": "allowed",
    "consent_capture": "hidden",
    "contact_log": "hidden",
    "county_fix_error": "hidden",
    "county_generate": "hidden",
    "county_resend": "hidden",
    "county_simulate_response": "hidden",
    "county_submit": "hidden",
    "coverage_release_check": "hidden",
    "coverage_release_status_set": "hidden",
    "crisis_flag": "allowed",
    "crisis_handoff": "allowed",
    "cures": "allowed",
    "dashboard_book": "allowed",
    "dashboard_contact": "hidden",
    "dashboard_referral": "allowed",
    "dashboard_task": "allowed",
    "demographics_edit": "hidden",
    "discharge_episode": "allowed",
    "document_upload": "hidden",
    "eligibility_check": "hidden",
    "escalation_acknowledge": "allowed",
    "escalation_handoff": "allowed",
    "escalation_reassign": "hidden",
    "feature_flag_set": "hidden",
    "fsp_custody_record": "hidden",
    "hie_match_decide": "hidden",
    "hloc_referral": "allowed",
    "isl_export": "hidden",
    "lab_order": "allowed",
    "med_order": "allowed",
    "message_patient": "allowed",
    "message_team": "allowed",
    "metabolic": "allowed",
    "note_template_activate": "hidden",
    "note_template_clone": "allowed",
    "note_template_create": "hidden",
    "note_template_update": "hidden",
    "notification_resend": "hidden",
    "ntp_external_med": "allowed",
    "ntp_referral": "allowed",
    "nurse_review": "hidden",
    "open_permissions": "hidden",
    "partner_directory_edit": "hidden",
    "partner_handoff": "allowed",
    "partner_link": "allowed",
    "patient_create_anyway": "hidden",
    "patient_match_decide": "hidden",
    "patient_merge": "hidden",
    "patient_reschedule": "hidden",
    "patient_self_book": "hidden",
    "payment_arrangement": "hidden",
    "payment_record": "hidden",
    "payment_void": "hidden",
    "progress_note": "allowed",
    "provider_ref_save": "hidden",
    "reconfirm_consent_merged": "hidden",
    "referral_assign_owner": "hidden",
    "referral_chase_claim": "hidden",
    "referral_chase_fill": "hidden",
    "refill_coordinate": "hidden",
    "refill_decision": "allowed",
    "rescreen_send": "allowed",
    "resource_verify": "hidden",
    "review_matching": "hidden",
    "schedule_visit": "allowed",
    "scheduling_rule_deactivate": "hidden",
    "scheduling_rule_run": "hidden",
    "scheduling_rule_save": "hidden",
    "screener_draft_save": "allowed",
    "screener_request": "allowed",
    "scribe_afbi_save": "allowed",
    "scribe_consent_grant": "allowed",
    "scribe_consent_withdraw": "allowed",
    "scribe_dictate": "allowed",
    "scribe_discard": "allowed",
    "scribe_end": "allowed",
    "scribe_followup_accept": "allowed",
    "scribe_open_draft": "allowed",
    "scribe_pause": "allowed",
    "scribe_resume": "allowed",
    "scribe_review_confirm": "allowed",
    "scribe_sentence_delete": "allowed",
    "scribe_sentence_edit": "allowed",
    "scribe_sentence_keep": "allowed",
    "scribe_start": "allowed",
    "scribe_visit_field": "allowed",
    "sdoh_referral": "allowed",
    "service_classification_override": "hidden",
    "severity_flag_review": "allowed",
    "specimen_collect": "hidden",
    "staff_add": "hidden",
    "staff_deactivate": "hidden",
    "staff_reactivate": "hidden",
    "staff_thread_add_participant": "allowed",
    "staff_thread_flag_sud": "allowed",
    "staff_thread_mention_done": "allowed",
    "staff_thread_post": "allowed",
    "staff_thread_read": "allowed",
    "staff_thread_reopen": "allowed",
    "staff_thread_resolve": "allowed",
    "staff_update": "hidden",
    "task": "hidden",
    "timely_correction": "hidden",
    "timely_offer_record": "allowed",
    "tps_mark": "hidden",
    "tps_send_link": "hidden",
    "tps_set_window": "hidden",
    "triage_call": "hidden",
    "visit_attended": "allowed",
    "visit_check_in": "allowed",
    "visit_no_show": "allowed",
    "visit_request_cancel": "hidden",
  },
  "pmhnp": {
    "activity_assignment": "allowed",
    "addendum": "allowed",
    "advocate_reschedule": "hidden",
    "afbi_contact": "allowed",
    "afbi_link_decide": "hidden",
    "asam": "allowed",
    "asam_plan_suggestion": "allowed",
    "calendar_external_id_set": "allowed",
    "calendar_reschedule_done": "hidden",
    "calendar_site_closed_add": "hidden",
    "calendar_site_closed_remove": "hidden",
    "calendar_site_create": "hidden",
    "calendar_site_hours_save": "hidden",
    "calendar_staff_hours_remove": "allowed",
    "calendar_staff_hours_save": "allowed",
    "calendar_sync_run": "hidden",
    "calendar_time_off_add": "allowed",
    "calendar_time_off_remove": "allowed",
    "care_plan_goal": "allowed",
    "claim_correct": "hidden",
    "claim_duplicate_review": "hidden",
    "claim_status": "hidden",
    "claims_export": "hidden",
    "clinic_dose_cosign": "allowed",
    "clinic_dose_give": "hidden",
    "clinic_med_order": "allowed",
    "consent_capture": "hidden",
    "contact_log": "hidden",
    "county_fix_error": "hidden",
    "county_generate": "hidden",
    "county_resend": "hidden",
    "county_simulate_response": "hidden",
    "county_submit": "hidden",
    "coverage_release_check": "hidden",
    "coverage_release_status_set": "hidden",
    "crisis_flag": "allowed",
    "crisis_handoff": "allowed",
    "cures": "allowed",
    "dashboard_book": "allowed",
    "dashboard_contact": "hidden",
    "dashboard_referral": "allowed",
    "dashboard_task": "allowed",
    "demographics_edit": "hidden",
    "discharge_episode": "allowed",
    "document_upload": "hidden",
    "eligibility_check": "hidden",
    "escalation_acknowledge": "allowed",
    "escalation_handoff": "allowed",
    "escalation_reassign": "hidden",
    "feature_flag_set": "hidden",
    "fsp_custody_record": "hidden",
    "hie_match_decide": "hidden",
    "hloc_referral": "allowed",
    "isl_export": "hidden",
    "lab_order": "allowed",
    "med_order": "allowed",
    "message_patient": "allowed",
    "message_team": "allowed",
    "metabolic": "allowed",
    "note_template_activate": "hidden",
    "note_template_clone": "allowed",
    "note_template_create": "hidden",
    "note_template_update": "hidden",
    "notification_resend": "hidden",
    "ntp_external_med": "allowed",
    "ntp_referral": "allowed",
    "nurse_review": "hidden",
    "open_permissions": "hidden",
    "partner_directory_edit": "hidden",
    "partner_handoff": "allowed",
    "partner_link": "allowed",
    "patient_create_anyway": "hidden",
    "patient_match_decide": "hidden",
    "patient_merge": "hidden",
    "patient_reschedule": "hidden",
    "patient_self_book": "hidden",
    "payment_arrangement": "hidden",
    "payment_record": "hidden",
    "payment_void": "hidden",
    "progress_note": "allowed",
    "provider_ref_save": "hidden",
    "reconfirm_consent_merged": "hidden",
    "referral_assign_owner": "hidden",
    "referral_chase_claim": "hidden",
    "referral_chase_fill": "hidden",
    "refill_coordinate": "hidden",
    "refill_decision": "allowed",
    "rescreen_send": "allowed",
    "resource_verify": "hidden",
    "review_matching": "hidden",
    "schedule_visit": "allowed",
    "scheduling_rule_deactivate": "hidden",
    "scheduling_rule_run": "hidden",
    "scheduling_rule_save": "hidden",
    "screener_draft_save": "allowed",
    "screener_request": "allowed",
    "scribe_afbi_save": "allowed",
    "scribe_consent_grant": "allowed",
    "scribe_consent_withdraw": "allowed",
    "scribe_dictate": "allowed",
    "scribe_discard": "allowed",
    "scribe_end": "allowed",
    "scribe_followup_accept": "allowed",
    "scribe_open_draft": "allowed",
    "scribe_pause": "allowed",
    "scribe_resume": "allowed",
    "scribe_review_confirm": "allowed",
    "scribe_sentence_delete": "allowed",
    "scribe_sentence_edit": "allowed",
    "scribe_sentence_keep": "allowed",
    "scribe_start": "allowed",
    "scribe_visit_field": "allowed",
    "sdoh_referral": "allowed",
    "service_classification_override": "hidden",
    "severity_flag_review": "allowed",
    "specimen_collect": "hidden",
    "staff_add": "hidden",
    "staff_deactivate": "hidden",
    "staff_reactivate": "hidden",
    "staff_thread_add_participant": "allowed",
    "staff_thread_flag_sud": "allowed",
    "staff_thread_mention_done": "allowed",
    "staff_thread_post": "allowed",
    "staff_thread_read": "allowed",
    "staff_thread_reopen": "allowed",
    "staff_thread_resolve": "allowed",
    "staff_update": "hidden",
    "task": "hidden",
    "timely_correction": "hidden",
    "timely_offer_record": "allowed",
    "tps_mark": "hidden",
    "tps_send_link": "hidden",
    "tps_set_window": "hidden",
    "triage_call": "hidden",
    "visit_attended": "allowed",
    "visit_check_in": "allowed",
    "visit_no_show": "allowed",
    "visit_request_cancel": "hidden",
  },
  "sud_counselor": {
    "activity_assignment": "allowed",
    "addendum": "allowed",
    "advocate_reschedule": "hidden",
    "afbi_contact": "hidden",
    "afbi_link_decide": "hidden",
    "asam": "cosign",
    "asam_plan_suggestion": "allowed",
    "calendar_external_id_set": "allowed",
    "calendar_reschedule_done": "hidden",
    "calendar_site_closed_add": "hidden",
    "calendar_site_closed_remove": "hidden",
    "calendar_site_create": "hidden",
    "calendar_site_hours_save": "hidden",
    "calendar_staff_hours_remove": "allowed",
    "calendar_staff_hours_save": "allowed",
    "calendar_sync_run": "hidden",
    "calendar_time_off_add": "allowed",
    "calendar_time_off_remove": "allowed",
    "care_plan_goal": "allowed",
    "claim_correct": "hidden",
    "claim_duplicate_review": "hidden",
    "claim_status": "hidden",
    "claims_export": "hidden",
    "clinic_dose_cosign": "hidden",
    "clinic_dose_give": "hidden",
    "clinic_med_order": "hidden",
    "consent_capture": "allowed",
    "contact_log": "hidden",
    "county_fix_error": "hidden",
    "county_generate": "hidden",
    "county_resend": "hidden",
    "county_simulate_response": "hidden",
    "county_submit": "hidden",
    "coverage_release_check": "hidden",
    "coverage_release_status_set": "hidden",
    "crisis_flag": "allowed",
    "crisis_handoff": "allowed",
    "cures": "hidden",
    "dashboard_book": "allowed",
    "dashboard_contact": "hidden",
    "dashboard_referral": "allowed",
    "dashboard_task": "allowed",
    "demographics_edit": "hidden",
    "discharge_episode": "allowed",
    "document_upload": "hidden",
    "eligibility_check": "hidden",
    "escalation_acknowledge": "allowed",
    "escalation_handoff": "allowed",
    "escalation_reassign": "hidden",
    "feature_flag_set": "hidden",
    "fsp_custody_record": "hidden",
    "hie_match_decide": "hidden",
    "hloc_referral": "allowed",
    "isl_export": "hidden",
    "lab_order": "hidden",
    "med_order": "hidden",
    "message_patient": "allowed",
    "message_team": "allowed",
    "metabolic": "hidden",
    "note_template_activate": "hidden",
    "note_template_clone": "allowed",
    "note_template_create": "hidden",
    "note_template_update": "hidden",
    "notification_resend": "hidden",
    "ntp_external_med": "allowed",
    "ntp_referral": "allowed",
    "nurse_review": "hidden",
    "open_permissions": "hidden",
    "partner_directory_edit": "hidden",
    "partner_handoff": "allowed",
    "partner_link": "allowed",
    "patient_create_anyway": "hidden",
    "patient_match_decide": "hidden",
    "patient_merge": "hidden",
    "patient_reschedule": "hidden",
    "patient_self_book": "hidden",
    "payment_arrangement": "hidden",
    "payment_record": "hidden",
    "payment_void": "hidden",
    "progress_note": "cosign",
    "provider_ref_save": "hidden",
    "reconfirm_consent_merged": "hidden",
    "referral_assign_owner": "hidden",
    "referral_chase_claim": "hidden",
    "referral_chase_fill": "hidden",
    "refill_coordinate": "hidden",
    "refill_decision": "hidden",
    "rescreen_send": "hidden",
    "resource_verify": "hidden",
    "review_matching": "hidden",
    "schedule_visit": "allowed",
    "scheduling_rule_deactivate": "hidden",
    "scheduling_rule_run": "hidden",
    "scheduling_rule_save": "hidden",
    "screener_draft_save": "hidden",
    "screener_request": "hidden",
    "scribe_afbi_save": "hidden",
    "scribe_consent_grant": "allowed",
    "scribe_consent_withdraw": "allowed",
    "scribe_dictate": "allowed",
    "scribe_discard": "allowed",
    "scribe_end": "allowed",
    "scribe_followup_accept": "allowed",
    "scribe_open_draft": "allowed",
    "scribe_pause": "allowed",
    "scribe_resume": "allowed",
    "scribe_review_confirm": "allowed",
    "scribe_sentence_delete": "allowed",
    "scribe_sentence_edit": "allowed",
    "scribe_sentence_keep": "allowed",
    "scribe_start": "allowed",
    "scribe_visit_field": "allowed",
    "sdoh_referral": "allowed",
    "service_classification_override": "hidden",
    "severity_flag_review": "allowed",
    "specimen_collect": "hidden",
    "staff_add": "hidden",
    "staff_deactivate": "hidden",
    "staff_reactivate": "hidden",
    "staff_thread_add_participant": "allowed",
    "staff_thread_flag_sud": "allowed",
    "staff_thread_mention_done": "allowed",
    "staff_thread_post": "allowed",
    "staff_thread_read": "allowed",
    "staff_thread_reopen": "allowed",
    "staff_thread_resolve": "allowed",
    "staff_update": "hidden",
    "task": "allowed",
    "timely_correction": "hidden",
    "timely_offer_record": "allowed",
    "tps_mark": "hidden",
    "tps_send_link": "hidden",
    "tps_set_window": "hidden",
    "triage_call": "hidden",
    "visit_attended": "allowed",
    "visit_check_in": "allowed",
    "visit_no_show": "allowed",
    "visit_request_cancel": "hidden",
  },
  "sys_admin": {
    "activity_assignment": "hidden",
    "addendum": "hidden",
    "advocate_reschedule": "hidden",
    "afbi_contact": "hidden",
    "afbi_link_decide": "allowed",
    "asam": "hidden",
    "asam_plan_suggestion": "hidden",
    "calendar_external_id_set": "allowed",
    "calendar_reschedule_done": "allowed",
    "calendar_site_closed_add": "allowed",
    "calendar_site_closed_remove": "allowed",
    "calendar_site_create": "allowed",
    "calendar_site_hours_save": "allowed",
    "calendar_staff_hours_remove": "allowed",
    "calendar_staff_hours_save": "allowed",
    "calendar_sync_run": "allowed",
    "calendar_time_off_add": "allowed",
    "calendar_time_off_remove": "allowed",
    "care_plan_goal": "hidden",
    "claim_correct": "hidden",
    "claim_duplicate_review": "hidden",
    "claim_status": "hidden",
    "claims_export": "allowed",
    "clinic_dose_cosign": "hidden",
    "clinic_dose_give": "hidden",
    "clinic_med_order": "hidden",
    "consent_capture": "allowed",
    "contact_log": "hidden",
    "county_fix_error": "allowed",
    "county_generate": "allowed",
    "county_resend": "allowed",
    "county_simulate_response": "allowed",
    "county_submit": "allowed",
    "coverage_release_check": "allowed",
    "coverage_release_status_set": "allowed",
    "crisis_flag": "hidden",
    "crisis_handoff": "allowed",
    "cures": "hidden",
    "dashboard_book": "hidden",
    "dashboard_contact": "hidden",
    "dashboard_referral": "hidden",
    "dashboard_task": "hidden",
    "demographics_edit": "allowed",
    "discharge_episode": "allowed",
    "document_upload": "hidden",
    "eligibility_check": "hidden",
    "escalation_acknowledge": "allowed",
    "escalation_handoff": "allowed",
    "escalation_reassign": "allowed",
    "feature_flag_set": "allowed",
    "fsp_custody_record": "hidden",
    "hie_match_decide": "allowed",
    "hloc_referral": "allowed",
    "isl_export": "allowed",
    "lab_order": "hidden",
    "med_order": "hidden",
    "message_patient": "hidden",
    "message_team": "allowed",
    "metabolic": "hidden",
    "note_template_activate": "allowed",
    "note_template_clone": "allowed",
    "note_template_create": "allowed",
    "note_template_update": "allowed",
    "notification_resend": "allowed",
    "ntp_external_med": "hidden",
    "ntp_referral": "hidden",
    "nurse_review": "hidden",
    "open_permissions": "allowed",
    "partner_directory_edit": "allowed",
    "partner_handoff": "hidden",
    "partner_link": "hidden",
    "patient_create_anyway": "allowed",
    "patient_match_decide": "allowed",
    "patient_merge": "allowed",
    "patient_reschedule": "hidden",
    "patient_self_book": "hidden",
    "payment_arrangement": "hidden",
    "payment_record": "hidden",
    "payment_void": "hidden",
    "progress_note": "hidden",
    "provider_ref_save": "allowed",
    "reconfirm_consent_merged": "allowed",
    "referral_assign_owner": "hidden",
    "referral_chase_claim": "hidden",
    "referral_chase_fill": "hidden",
    "refill_coordinate": "hidden",
    "refill_decision": "hidden",
    "rescreen_send": "hidden",
    "resource_verify": "allowed",
    "review_matching": "allowed",
    "schedule_visit": "hidden",
    "scheduling_rule_deactivate": "allowed",
    "scheduling_rule_run": "allowed",
    "scheduling_rule_save": "allowed",
    "screener_draft_save": "hidden",
    "screener_request": "hidden",
    "scribe_afbi_save": "hidden",
    "scribe_consent_grant": "hidden",
    "scribe_consent_withdraw": "hidden",
    "scribe_dictate": "hidden",
    "scribe_discard": "hidden",
    "scribe_end": "hidden",
    "scribe_followup_accept": "hidden",
    "scribe_open_draft": "hidden",
    "scribe_pause": "hidden",
    "scribe_resume": "hidden",
    "scribe_review_confirm": "hidden",
    "scribe_sentence_delete": "hidden",
    "scribe_sentence_edit": "hidden",
    "scribe_sentence_keep": "hidden",
    "scribe_start": "hidden",
    "scribe_visit_field": "hidden",
    "sdoh_referral": "hidden",
    "service_classification_override": "hidden",
    "severity_flag_review": "hidden",
    "specimen_collect": "hidden",
    "staff_add": "allowed",
    "staff_deactivate": "allowed",
    "staff_reactivate": "allowed",
    "staff_thread_add_participant": "allowed",
    "staff_thread_flag_sud": "allowed",
    "staff_thread_mention_done": "allowed",
    "staff_thread_post": "allowed",
    "staff_thread_read": "allowed",
    "staff_thread_reopen": "allowed",
    "staff_thread_resolve": "allowed",
    "staff_update": "allowed",
    "task": "hidden",
    "timely_correction": "allowed",
    "timely_offer_record": "hidden",
    "tps_mark": "hidden",
    "tps_send_link": "hidden",
    "tps_set_window": "allowed",
    "triage_call": "hidden",
    "visit_attended": "hidden",
    "visit_check_in": "hidden",
    "visit_no_show": "hidden",
    "visit_request_cancel": "hidden",
  },
  "therapist": {
    "activity_assignment": "allowed",
    "addendum": "allowed",
    "advocate_reschedule": "hidden",
    "afbi_contact": "allowed",
    "afbi_link_decide": "hidden",
    "asam": "allowed",
    "asam_plan_suggestion": "allowed",
    "calendar_external_id_set": "allowed",
    "calendar_reschedule_done": "hidden",
    "calendar_site_closed_add": "hidden",
    "calendar_site_closed_remove": "hidden",
    "calendar_site_create": "hidden",
    "calendar_site_hours_save": "hidden",
    "calendar_staff_hours_remove": "allowed",
    "calendar_staff_hours_save": "allowed",
    "calendar_sync_run": "hidden",
    "calendar_time_off_add": "allowed",
    "calendar_time_off_remove": "allowed",
    "care_plan_goal": "allowed",
    "claim_correct": "hidden",
    "claim_duplicate_review": "hidden",
    "claim_status": "hidden",
    "claims_export": "hidden",
    "clinic_dose_cosign": "hidden",
    "clinic_dose_give": "hidden",
    "clinic_med_order": "hidden",
    "consent_capture": "hidden",
    "contact_log": "hidden",
    "county_fix_error": "hidden",
    "county_generate": "hidden",
    "county_resend": "hidden",
    "county_simulate_response": "hidden",
    "county_submit": "hidden",
    "coverage_release_check": "hidden",
    "coverage_release_status_set": "hidden",
    "crisis_flag": "allowed",
    "crisis_handoff": "allowed",
    "cures": "hidden",
    "dashboard_book": "allowed",
    "dashboard_contact": "hidden",
    "dashboard_referral": "allowed",
    "dashboard_task": "allowed",
    "demographics_edit": "hidden",
    "discharge_episode": "allowed",
    "document_upload": "hidden",
    "eligibility_check": "hidden",
    "escalation_acknowledge": "allowed",
    "escalation_handoff": "allowed",
    "escalation_reassign": "hidden",
    "feature_flag_set": "hidden",
    "fsp_custody_record": "hidden",
    "hie_match_decide": "hidden",
    "hloc_referral": "allowed",
    "isl_export": "hidden",
    "lab_order": "hidden",
    "med_order": "hidden",
    "message_patient": "allowed",
    "message_team": "allowed",
    "metabolic": "hidden",
    "note_template_activate": "hidden",
    "note_template_clone": "allowed",
    "note_template_create": "hidden",
    "note_template_update": "hidden",
    "notification_resend": "hidden",
    "ntp_external_med": "hidden",
    "ntp_referral": "allowed",
    "nurse_review": "hidden",
    "open_permissions": "hidden",
    "partner_directory_edit": "hidden",
    "partner_handoff": "allowed",
    "partner_link": "allowed",
    "patient_create_anyway": "hidden",
    "patient_match_decide": "hidden",
    "patient_merge": "hidden",
    "patient_reschedule": "hidden",
    "patient_self_book": "hidden",
    "payment_arrangement": "hidden",
    "payment_record": "hidden",
    "payment_void": "hidden",
    "progress_note": "allowed",
    "provider_ref_save": "hidden",
    "reconfirm_consent_merged": "hidden",
    "referral_assign_owner": "hidden",
    "referral_chase_claim": "hidden",
    "referral_chase_fill": "hidden",
    "refill_coordinate": "hidden",
    "refill_decision": "hidden",
    "rescreen_send": "allowed",
    "resource_verify": "hidden",
    "review_matching": "hidden",
    "schedule_visit": "allowed",
    "scheduling_rule_deactivate": "hidden",
    "scheduling_rule_run": "hidden",
    "scheduling_rule_save": "hidden",
    "screener_draft_save": "allowed",
    "screener_request": "allowed",
    "scribe_afbi_save": "allowed",
    "scribe_consent_grant": "allowed",
    "scribe_consent_withdraw": "allowed",
    "scribe_dictate": "allowed",
    "scribe_discard": "allowed",
    "scribe_end": "allowed",
    "scribe_followup_accept": "allowed",
    "scribe_open_draft": "allowed",
    "scribe_pause": "allowed",
    "scribe_resume": "allowed",
    "scribe_review_confirm": "allowed",
    "scribe_sentence_delete": "allowed",
    "scribe_sentence_edit": "allowed",
    "scribe_sentence_keep": "allowed",
    "scribe_start": "allowed",
    "scribe_visit_field": "allowed",
    "sdoh_referral": "allowed",
    "service_classification_override": "hidden",
    "severity_flag_review": "allowed",
    "specimen_collect": "hidden",
    "staff_add": "hidden",
    "staff_deactivate": "hidden",
    "staff_reactivate": "hidden",
    "staff_thread_add_participant": "allowed",
    "staff_thread_flag_sud": "allowed",
    "staff_thread_mention_done": "allowed",
    "staff_thread_post": "allowed",
    "staff_thread_read": "allowed",
    "staff_thread_reopen": "allowed",
    "staff_thread_resolve": "allowed",
    "staff_update": "hidden",
    "task": "hidden",
    "timely_correction": "hidden",
    "timely_offer_record": "allowed",
    "tps_mark": "hidden",
    "tps_send_link": "hidden",
    "tps_set_window": "hidden",
    "triage_call": "hidden",
    "visit_attended": "allowed",
    "visit_check_in": "allowed",
    "visit_no_show": "allowed",
    "visit_request_cancel": "hidden",
  },
}
`;
